Archive member included to satisfy reference by file (symbol)

.pio\build\uno_r4_minima\libc8d\libgeeWhiz.a(geeWhiz.cpp.o)
                              .pio\build\uno_r4_minima\src\main.cpp.o (geeWhizBegin())
.pio\build\uno_r4_minima\libFrameworkArduinoVariant.a(main.c.o)
                              c:/users/karab/.platformio/packages/toolchain-gccarmnoneeabi@1.70201.0/bin/../lib/gcc/arm-none-eabi/7.2.1/../../../../arm-none-eabi/lib/thumb/v7e-m/fpv4-sp/hard/crt0.o (main)
.pio\build\uno_r4_minima\libFrameworkArduino.a(FspTimer.cpp.o)
                              .pio\build\uno_r4_minima\libc8d\libgeeWhiz.a(geeWhiz.cpp.o) (FspTimer::FspTimer())
.pio\build\uno_r4_minima\libFrameworkArduino.a(IRQManager.cpp.o)
                              .pio\build\uno_r4_minima\libFrameworkArduino.a(FspTimer.cpp.o) (IRQManager::getInstance())
.pio\build\uno_r4_minima\libFrameworkArduino.a(analog.cpp.o)
                              .pio\build\uno_r4_minima\src\main.cpp.o (analogRead)
.pio\build\uno_r4_minima\libFrameworkArduino.a(Common.cpp.o)
                              .pio\build\uno_r4_minima\libFrameworkArduino.a(analog.cpp.o) (map(long, long, long, long, long))
.pio\build\uno_r4_minima\libFrameworkArduino.a(Print.cpp.o)
                              .pio\build\uno_r4_minima\src\main.cpp.o (arduino::Print::print(char const*))
.pio\build\uno_r4_minima\libFrameworkArduino.a(dac.cpp.o)
                              .pio\build\uno_r4_minima\libFrameworkArduino.a(analog.cpp.o) (CDac::analogWrite(int))
.pio\build\uno_r4_minima\libFrameworkArduino.a(digital.cpp.o)
                              .pio\build\uno_r4_minima\src\main.cpp.o (pinMode)
.pio\build\uno_r4_minima\libFrameworkArduino.a(main.cpp.o)
                              .pio\build\uno_r4_minima\libFrameworkArduino.a(IRQManager.cpp.o) (atexit)
.pio\build\uno_r4_minima\libFrameworkArduino.a(pinDefinitions.cpp.o)
                              .pio\build\uno_r4_minima\libFrameworkArduino.a(analog.cpp.o) (pinPeripheral(e_bsp_io_port_pin_t, unsigned long))
.pio\build\uno_r4_minima\libFrameworkArduino.a(pwm.cpp.o)
                              .pio\build\uno_r4_minima\libc8d\libgeeWhiz.a(geeWhiz.cpp.o) (PwmOut::PwmOut(int))
.pio\build\uno_r4_minima\libFrameworkArduino.a(time.cpp.o)
                              .pio\build\uno_r4_minima\libFrameworkArduino.a(analog.cpp.o) (delayMicroseconds)
.pio\build\uno_r4_minima\libFrameworkArduino.a(SerialUSB.cpp.o)
                              .pio\build\uno_r4_minima\src\main.cpp.o (_SerialUSB::begin(unsigned long))
.pio\build\uno_r4_minima\libFrameworkArduino.a(USB.cpp.o)
                              .pio\build\uno_r4_minima\libFrameworkArduino.a(main.cpp.o) (__USBStart())
.pio\build\uno_r4_minima\libFrameworkArduino.a(variant_helper.cpp.o)
                              .pio\build\uno_r4_minima\libFrameworkArduino.a(analog.cpp.o) (getPinCfgs(unsigned char, PinCfgReq_t))
.pio\build\uno_r4_minima\libFrameworkArduino.a(vector_table.c.o)
                              .pio\build\uno_r4_minima\libFrameworkArduino.a(main.cpp.o) (g_vector_table)
.pio\build\uno_r4_minima\libFrameworkArduino.a(boot.cpp.o)
                              .pio\build\uno_r4_minima\libFrameworkArduino.a(SerialUSB.cpp.o) (goBootloader())
.pio\build\uno_r4_minima\libFrameworkArduino.a(cdc_device.c.o)
                              .pio\build\uno_r4_minima\libFrameworkArduino.a(SerialUSB.cpp.o) (tud_cdc_n_connected)
.pio\build\uno_r4_minima\libFrameworkArduino.a(tusb_fifo.c.o)
                              .pio\build\uno_r4_minima\libFrameworkArduino.a(cdc_device.c.o) (tu_fifo_config)
.pio\build\uno_r4_minima\libFrameworkArduino.a(usbd.c.o)
                              .pio\build\uno_r4_minima\libFrameworkArduino.a(SerialUSB.cpp.o) (usbd_int_set)
.pio\build\uno_r4_minima\libFrameworkArduino.a(usbd_control.c.o)
                              .pio\build\uno_r4_minima\libFrameworkArduino.a(cdc_device.c.o) (tud_control_status)
.pio\build\uno_r4_minima\libFrameworkArduino.a(dcd_rusb2.c.o)
                              .pio\build\uno_r4_minima\libFrameworkArduino.a(usbd.c.o) (dcd_int_enable)
.pio\build\uno_r4_minima\libFrameworkArduino.a(rusb2_common.c.o)
                              .pio\build\uno_r4_minima\libFrameworkArduino.a(USB.cpp.o) (tusb_rusb2_set_irqnum)
.pio\build\uno_r4_minima\libFrameworkArduino.a(tusb.c.o)
                              .pio\build\uno_r4_minima\libFrameworkArduino.a(USB.cpp.o) (tusb_inited)
.pio\build\uno_r4_minima\libFrameworkArduino.a(dfu_rt_device.c.o)
                              .pio\build\uno_r4_minima\libFrameworkArduino.a(usbd.c.o) (dfu_rtd_init)
.pio\build\uno_r4_minima\libFrameworkArduino.a(hid_device.c.o)
                              .pio\build\uno_r4_minima\libFrameworkArduino.a(usbd.c.o) (hidd_reset)
C:\Users\karab\.platformio\packages\framework-arduinorenesas-uno\variants\MINIMA\libs\libfsp.a(r_wdt.o)
                              .pio\build\uno_r4_minima\libFrameworkArduino.a(SerialUSB.cpp.o) (R_WDT_Open)
[...]
Memory Configuration

Name             Origin             Length             Attributes
FLASH            0x00004000         0x0003c000         xr
RAM              0x20000000         0x00008000         xrw
DATA_FLASH       0x40100000         0x00002000         xr
OPTION_SETTING   0x00000000         0x00000000         r
OPTION_SETTING_S 0x00000000         0x00000000         r
ID_CODE          0x01010018         0x00000020         xr
*default*        0x00000000         0xffffffff

Linker script and memory map

LOAD c:/users/karab/.platformio/packages/toolchain-gccarmnoneeabi@1.70201.0/bin/../lib/gcc/arm-none-eabi/7.2.1/thumb/v7e-m/fpv4-sp/hard/crti.o
LOAD c:/users/karab/.platformio/packages/toolchain-gccarmnoneeabi@1.70201.0/bin/../lib/gcc/arm-none-eabi/7.2.1/thumb/v7e-m/fpv4-sp/hard/crtbegin.o
LOAD c:/users/karab/.platformio/packages/toolchain-gccarmnoneeabi@1.70201.0/bin/../lib/gcc/arm-none-eabi/7.2.1/../../../../arm-none-eabi/lib/thumb/v7e-m/fpv4-sp/hard/crt0.o
LOAD .pio\build\uno_r4_minima\src\main.cpp.o
START GROUP
LOAD .pio\build\uno_r4_minima\libc8d\libgeeWhiz.a
LOAD .pio\build\uno_r4_minima\libFrameworkArduinoVariant.a
LOAD .pio\build\uno_r4_minima\libFrameworkArduino.a
LOAD C:\Users\karab\.platformio\packages\framework-arduinorenesas-uno\variants\MINIMA\libs\libfsp.a
LOAD c:/users/karab/.platformio/packages/toolchain-gccarmnoneeabi@1.70201.0/bin/../lib/gcc/arm-none-eabi/7.2.1/../../../../arm-none-eabi/lib/thumb/v7e-m/fpv4-sp/hard\libstdc++_nano.a
LOAD c:/users/karab/.platformio/packages/toolchain-gccarmnoneeabi@1.70201.0/bin/../lib/gcc/arm-none-eabi/7.2.1/../../../../arm-none-eabi/lib/thumb/v7e-m/fpv4-sp/hard\libsupc++_nano.a
LOAD c:/users/karab/.platformio/packages/toolchain-gccarmnoneeabi@1.70201.0/bin/../lib/gcc/arm-none-eabi/7.2.1/thumb/v7e-m/fpv4-sp/hard\libgcc.a
LOAD c:/users/karab/.platformio/packages/toolchain-gccarmnoneeabi@1.70201.0/bin/../lib/gcc/arm-none-eabi/7.2.1/../../../../arm-none-eabi/lib/thumb/v7e-m/fpv4-sp/hard\libnosys.a
END GROUP
LOAD c:/users/karab/.platformio/packages/toolchain-gccarmnoneeabi@1.70201.0/bin/../lib/gcc/arm-none-eabi/7.2.1/../../../../arm-none-eabi/lib/thumb/v7e-m/fpv4-sp/hard\libstdc++_nano.a
LOAD c:/users/karab/.platformio/packages/toolchain-gccarmnoneeabi@1.70201.0/bin/../lib/gcc/arm-none-eabi/7.2.1/../../../../arm-none-eabi/lib/thumb/v7e-m/fpv4-sp/hard\libm.a
LOAD c:/users/karab/.platformio/packages/toolchain-gccarmnoneeabi@1.70201.0/bin/../lib/gcc/arm-none-eabi/7.2.1/../../../../arm-none-eabi/lib/thumb/v7e-m/fpv4-sp/hard\libc_nano.a
START GROUP
LOAD c:/users/karab/.platformio/packages/toolchain-gccarmnoneeabi@1.70201.0/bin/../lib/gcc/arm-none-eabi/7.2.1/thumb/v7e-m/fpv4-sp/hard\libgcc.a
LOAD c:/users/karab/.platformio/packages/toolchain-gccarmnoneeabi@1.70201.0/bin/../lib/gcc/arm-none-eabi/7.2.1/../../../../arm-none-eabi/lib/thumb/v7e-m/fpv4-sp/hard\libc_nano.a
END GROUP
START GROUP
LOAD c:/users/karab/.platformio/packages/toolchain-gccarmnoneeabi@1.70201.0/bin/../lib/gcc/arm-none-eabi/7.2.1/thumb/v7e-m/fpv4-sp/hard\libgcc.a
LOAD c:/users/karab/.platformio/packages/toolchain-gccarmnoneeabi@1.70201.0/bin/../lib/gcc/arm-none-eabi/7.2.1/../../../../arm-none-eabi/lib/thumb/v7e-m/fpv4-sp/hard\libc_nano.a
LOAD c:/users/karab/.platformio/packages/toolchain-gccarmnoneeabi@1.70201.0/bin/../lib/gcc/arm-none-eabi/7.2.1/../../../../arm-none-eabi/lib/thumb/v7e-m/fpv4-sp/hard\libnosys.a
END GROUP
START GROUP
LOAD c:/users/karab/.platformio/packages/toolchain-gccarmnoneeabi@1.70201.0/bin/../lib/gcc/arm-none-eabi/7.2.1/thumb/v7e-m/fpv4-sp/hard\libgcc.a
LOAD c:/users/karab/.platformio/packages/toolchain-gccarmnoneeabi@1.70201.0/bin/../lib/gcc/arm-none-eabi/7.2.1/../../../../arm-none-eabi/lib/thumb/v7e-m/fpv4-sp/hard\libc_nano.a
LOAD c:/users/karab/.platformio/packages/toolchain-gccarmnoneeabi@1.70201.0/bin/../lib/gcc/arm-none-eabi/7.2.1/../../../../arm-none-eabi/lib/thumb/v7e-m/fpv4-sp/hard\libnosys.a
END GROUP
LOAD c:/users/karab/.platformio/packages/toolchain-gccarmnoneeabi@1.70201.0/bin/../lib/gcc/arm-none-eabi/7.2.1/thumb/v7e-m/fpv4-sp/hard/crtend.o
LOAD c:/users/karab/.platformio/packages/toolchain-gccarmnoneeabi@1.70201.0/bin/../lib/gcc/arm-none-eabi/7.2.1/thumb/v7e-m/fpv4-sp/hard/crtn.o
                0x20000000                RAM_START = 0x20000000
                0x00008000                RAM_LENGTH = 0x8000
                0x00000000                FLASH_START = 0x0
                0x00040000                FLASH_LENGTH = 0x40000
                0x40100000                DATA_FLASH_START = 0x40100000
                0x00002000                DATA_FLASH_LENGTH = 0x2000
                0x00000000                OPTION_SETTING_START = 0x0
                0x00000000                OPTION_SETTING_LENGTH = 0x0
                0x00000000                OPTION_SETTING_S_START = 0x0
                0x00000000                OPTION_SETTING_S_LENGTH = 0x0
                0x01010018                ID_CODE_START = 0x1010018
                0x00000020                ID_CODE_LENGTH = 0x20
                0x90000000                SDRAM_START = 0x90000000
                0x00000000                SDRAM_LENGTH = 0x0
                0x60000000                QSPI_FLASH_START = 0x60000000
                0x00000000                QSPI_FLASH_LENGTH = 0x0
                0x68000000                OSPI_DEVICE_0_START = 0x68000000
                0x00000000                OSPI_DEVICE_0_LENGTH = 0x0
                0x70000000                OSPI_DEVICE_1_START = 0x70000000
                0x00000000                OSPI_DEVICE_1_LENGTH = 0x0
                0x00004000                FLASH_IMAGE_START = 0x4000
                0x00000100                VECTOR_TABLE_LENGTH = 0x100
                0x00000400                BSP_CFG_STACK_MAIN_BYTES = 0x400
START GROUP
LOAD c:/users/karab/.platformio/packages/toolchain-gccarmnoneeabi@1.70201.0/bin/../lib/gcc/arm-none-eabi/7.2.1/thumb/v7e-m/fpv4-sp/hard\libgcc.a
LOAD c:/users/karab/.platformio/packages/toolchain-gccarmnoneeabi@1.70201.0/bin/../lib/gcc/arm-none-eabi/7.2.1/../../../../arm-none-eabi/lib/thumb/v7e-m/fpv4-sp/hard\libc.a
LOAD c:/users/karab/.platformio/packages/toolchain-gccarmnoneeabi@1.70201.0/bin/../lib/gcc/arm-none-eabi/7.2.1/../../../../arm-none-eabi/lib/thumb/v7e-m/fpv4-sp/hard\libm.a
LOAD c:/users/karab/.platformio/packages/toolchain-gccarmnoneeabi@1.70201.0/bin/../lib/gcc/arm-none-eabi/7.2.1/../../../../arm-none-eabi/lib/thumb/v7e-m/fpv4-sp/hard\libnosys.a
END GROUP

.text           0x00004000     0xb19c
                0x00000000                __tz_FLASH_S = ABSOLUTE (FLASH_START)
                0x00004000                __ROM_Start = .
 *(.sketch_boot)
                0x00004000                . = ALIGN (0x800)
 *(.fixed_vectors*)
 .fixed_vectors
                0x00004000       0x40 C:\Users\karab\.platformio\packages\framework-arduinorenesas-uno\variants\MINIMA\libs\libfsp.a(startup.o)
                0x00004000                __Vectors
 *(.application_vectors*)
 .application_vectors
                0x00004040       0x80 .pio\build\uno_r4_minima\libFrameworkArduino.a(vector_table.c.o)
                0x00004040                g_vector_table
                0x000040c0                __Vectors_End = .
 *(.text*)
 .text          0x000040c0       0x40 c:/users/karab/.platformio/packages/toolchain-gccarmnoneeabi@1.70201.0/bin/../lib/gcc/arm-none-eabi/7.2.1/thumb/v7e-m/fpv4-sp/hard/crtbegin.o
 .text._Z13getMotorAnglev
                0x00004100       0x44 .pio\build\uno_r4_minima\src\main.cpp.o
                0x00004100                getMotorAngle()
 .text._Z14frictionOffsetf
                0x00004144       0x34 .pio\build\uno_r4_minima\src\main.cpp.o
                0x00004144                frictionOffset(float)
 .text._Z7controlff
                0x00004178       0x2a .pio\build\uno_r4_minima\src\main.cpp.o
                0x00004178                control(float, float)
 *fill*         0x000041a2        0x2 ff
 .text._Z18resetTestVariablesv
                0x000041a4       0x38 .pio\build\uno_r4_minima\src\main.cpp.o
                0x000041a4                resetTestVariables()
 .text._Z12startNewTestv
                0x000041dc      0x108 .pio\build\uno_r4_minima\src\main.cpp.o
                0x000041dc                startNewTest()
 *fill*         0x000042e4        0x4 ff
 .text._Z15analyzeResponsev
                0x000042e8      0x290 .pio\build\uno_r4_minima\src\main.cpp.o
                0x000042e8                analyzeResponse()
 .text._Z25calculateSystemParametersv
                0x00004578      0x138 .pio\build\uno_r4_minima\src\main.cpp.o
                0x00004578                calculateSystemParameters()
 .text._Z12printResultsv
                0x000046b0      0x124 .pio\build\uno_r4_minima\src\main.cpp.o
                0x000046b0                printResults()
 .text.loop     0x000047d4       0xd0 .pio\build\uno_r4_minima\src\main.cpp.o
                0x000047d4                loop
 .text.interval_control_code
                0x000048a4       0xe8 .pio\build\uno_r4_minima\src\main.cpp.o
                0x000048a4                interval_control_code
 .text.setup    0x0000498c       0x84 .pio\build\uno_r4_minima\src\main.cpp.o
                0x0000498c                setup
 .text._ZL16timer_cb_adapterP22st_timer_callback_args
                0x00004a10       0x20 .pio\build\uno_r4_minima\libc8d\libgeeWhiz.a(geeWhiz.cpp.o)
 .text._Z12geeWhizBeginv
                0x00004a30       0x30 .pio\build\uno_r4_minima\libc8d\libgeeWhiz.a(geeWhiz.cpp.o)
                0x00004a30                geeWhizBegin()
 .text._Z15setMotorVoltagef
                0x00004a60       0x9c .pio\build\uno_r4_minima\libc8d\libgeeWhiz.a(geeWhiz.cpp.o)
                0x00004a60                setMotorVoltage(float)
 .text._Z23set_control_interval_mst
                0x00004afc       0x90 .pio\build\uno_r4_minima\libc8d\libgeeWhiz.a(geeWhiz.cpp.o)
                0x00004afc                set_control_interval_ms(unsigned short)
 .text.startup._GLOBAL__sub_I__Z12geeWhizBeginv
                0x00004b8c       0x1c .pio\build\uno_r4_minima\libc8d\libgeeWhiz.a(geeWhiz.cpp.o)
 .text.exit._GLOBAL__sub_D__Z12geeWhizBeginv
                0x00004ba8       0x1c .pio\build\uno_r4_minima\libc8d\libgeeWhiz.a(geeWhiz.cpp.o)
 .text.startup.main
                0x00004bc4        0xa .pio\build\uno_r4_minima\libFrameworkArduinoVariant.a(main.c.o)
                0x00004bc4                main
 *fill*         0x00004bce        0x2 ff
 .text.R_FSP_SystemClockHzGet
                0x00004bd0       0x24 .pio\build\uno_r4_minima\libFrameworkArduino.a(FspTimer.cpp.o)
 .text._ZN8FspTimer17set_period_countsEhfm.part.2
                0x00004bf4      0x158 .pio\build\uno_r4_minima\libFrameworkArduino.a(FspTimer.cpp.o)
 .text._ZN8FspTimerC2Ev
                0x00004d4c       0x18 .pio\build\uno_r4_minima\libFrameworkArduino.a(FspTimer.cpp.o)
                0x00004d4c                FspTimer::FspTimer()
                0x00004d4c                FspTimer::FspTimer()
 .text._ZN8FspTimer5beginE12e_timer_modehhmm18e_timer_source_divPFvP22st_timer_callback_argsEPv
                0x00004d64      0x16c .pio\build\uno_r4_minima\libFrameworkArduino.a(FspTimer.cpp.o)
                0x00004d64                FspTimer::begin(e_timer_mode, unsigned char, unsigned char, unsigned long, unsigned long, e_timer_source_div, void (*)(st_timer_callback_args*), void*)
 .text._ZN8FspTimer19get_available_timerERhb
                0x00004ed0       0x74 .pio\build\uno_r4_minima\libFrameworkArduino.a(FspTimer.cpp.o)
                0x00004ed0                FspTimer::get_available_timer(unsigned char&, bool)
 .text._ZN8FspTimer17set_period_countsEhfm
                0x00004f44       0xd8 .pio\build\uno_r4_minima\libFrameworkArduino.a(FspTimer.cpp.o)
                0x00004f44                FspTimer::set_period_counts(unsigned char, float, unsigned long)
 .text._ZN8FspTimer5beginE12e_timer_modehhffPFvP22st_timer_callback_argsEPv
                0x0000501c       0xb8 .pio\build\uno_r4_minima\libFrameworkArduino.a(FspTimer.cpp.o)
                0x0000501c                FspTimer::begin(e_timer_mode, unsigned char, unsigned char, float, float, void (*)(st_timer_callback_args*), void*)
 .text._ZN8FspTimer18enable_pwm_channelE17TimerPWMChannel_t
                0x000050d4       0x36 .pio\build\uno_r4_minima\libFrameworkArduino.a(FspTimer.cpp.o)
                0x000050d4                FspTimer::enable_pwm_channel(TimerPWMChannel_t)
 .text._ZN8FspTimer14get_period_rawEv
                0x0000510a       0x2c .pio\build\uno_r4_minima\libFrameworkArduino.a(FspTimer.cpp.o)
                0x0000510a                FspTimer::get_period_raw()
 .text._ZN8FspTimer20add_pwm_extended_cfgEv
                0x00005136       0x38 .pio\build\uno_r4_minima\libFrameworkArduino.a(FspTimer.cpp.o)
                0x00005136                FspTimer::add_pwm_extended_cfg()
 .text._ZN8FspTimer4openEv
                0x0000516e       0x4e .pio\build\uno_r4_minima\libFrameworkArduino.a(FspTimer.cpp.o)
                0x0000516e                FspTimer::open()
 .text._ZN8FspTimer5startEv
                0x000051bc       0x2e .pio\build\uno_r4_minima\libFrameworkArduino.a(FspTimer.cpp.o)
                0x000051bc                FspTimer::start()
 .text._ZN8FspTimer14set_duty_cycleEm17TimerPWMChannel_t
                0x000051ea       0x3c .pio\build\uno_r4_minima\libFrameworkArduino.a(FspTimer.cpp.o)
                0x000051ea                FspTimer::set_duty_cycle(unsigned long, TimerPWMChannel_t)
 .text._ZN8FspTimer5closeEv
                0x00005226       0x2e .pio\build\uno_r4_minima\libFrameworkArduino.a(FspTimer.cpp.o)
                0x00005226                FspTimer::close()
 .text._ZN8FspTimer3endEv
                0x00005254       0x48 .pio\build\uno_r4_minima\libFrameworkArduino.a(FspTimer.cpp.o)
                0x00005254                FspTimer::end()
 .text._ZN8FspTimerD2Ev
                0x0000529c        0xc .pio\build\uno_r4_minima\libFrameworkArduino.a(FspTimer.cpp.o)
                0x0000529c                FspTimer::~FspTimer()
                0x0000529c                FspTimer::~FspTimer()
 .text._ZN8FspTimer15get_cfg_for_irqEv
                0x000052a8       0x14 .pio\build\uno_r4_minima\libFrameworkArduino.a(FspTimer.cpp.o)
                0x000052a8                FspTimer::get_cfg_for_irq()
 .text._ZN8FspTimer9is_openedEv
                0x000052bc       0x18 .pio\build\uno_r4_minima\libFrameworkArduino.a(FspTimer.cpp.o)
                0x000052bc                FspTimer::is_opened()
 .text._ZN8FspTimer18setup_overflow_irqEhPFvvE
                0x000052d4       0x4e .pio\build\uno_r4_minima\libFrameworkArduino.a(FspTimer.cpp.o)
                0x000052d4                FspTimer::setup_overflow_irq(unsigned char, void (*)())
 *fill*         0x00005322        0x2 ff
 .text.__NVIC_SetPriority
                0x00005324       0x28 .pio\build\uno_r4_minima\libFrameworkArduino.a(IRQManager.cpp.o)
 .text.R_BSP_IrqEnable
                0x0000534c       0x34 .pio\build\uno_r4_minima\libFrameworkArduino.a(IRQManager.cpp.o)
 .text.R_BSP_IrqDisable
                0x00005380       0x24 .pio\build\uno_r4_minima\libFrameworkArduino.a(IRQManager.cpp.o)
 .text.__tcf_0  0x000053a4        0x2 .pio\build\uno_r4_minima\libFrameworkArduino.a(IRQManager.cpp.o)
 *fill*         0x000053a6        0x2 ff
 .text._ZN10IRQManager11getInstanceEv
                0x000053a8       0x38 .pio\build\uno_r4_minima\libFrameworkArduino.a(IRQManager.cpp.o)
                0x000053a8                IRQManager::getInstance()
 .text._ZN10IRQManager18set_ext_link_eventEii
                0x000053e0       0xc8 .pio\build\uno_r4_minima\libFrameworkArduino.a(IRQManager.cpp.o)
                0x000053e0                IRQManager::set_ext_link_event(int, int)
 .text._ZN10IRQManager23set_gpt_over_link_eventEii
                0x000054a8       0x70 .pio\build\uno_r4_minima\libFrameworkArduino.a(IRQManager.cpp.o)
                0x000054a8                IRQManager::set_gpt_over_link_event(int, int)
 .text._ZN10IRQManager18set_agt_link_eventEii
                0x00005518       0x28 .pio\build\uno_r4_minima\libFrameworkArduino.a(IRQManager.cpp.o)
                0x00005518                IRQManager::set_agt_link_event(int, int)
 .text._ZN10IRQManager16addTimerOverflowER5timerPFvvE
                0x00005540       0x80 .pio\build\uno_r4_minima\libFrameworkArduino.a(IRQManager.cpp.o)
                0x00005540                IRQManager::addTimerOverflow(timer&, void (*)())
 .text._ZN10IRQManager21set_iic_tx_link_eventEii
                0x000055c0       0x20 .pio\build\uno_r4_minima\libFrameworkArduino.a(IRQManager.cpp.o)
                0x000055c0                IRQManager::set_iic_tx_link_event(int, int)
 .text._ZN10IRQManager21set_iic_rx_link_eventEii
                0x000055e0       0x20 .pio\build\uno_r4_minima\libFrameworkArduino.a(IRQManager.cpp.o)
                0x000055e0                IRQManager::set_iic_rx_link_event(int, int)
 .text._ZN10IRQManager22set_iic_tei_link_eventEii
                0x00005600       0x20 .pio\build\uno_r4_minima\libFrameworkArduino.a(IRQManager.cpp.o)
                0x00005600                IRQManager::set_iic_tei_link_event(int, int)
 .text._ZN10IRQManager22set_iic_eri_link_eventEii
                0x00005620       0x20 .pio\build\uno_r4_minima\libFrameworkArduino.a(IRQManager.cpp.o)
                0x00005620                IRQManager::set_iic_eri_link_event(int, int)
 .text._ZN10IRQManager21set_sci_tx_link_eventEii
                0x00005640       0x38 .pio\build\uno_r4_minima\libFrameworkArduino.a(IRQManager.cpp.o)
                0x00005640                IRQManager::set_sci_tx_link_event(int, int)
 .text._ZN10IRQManager21set_sci_rx_link_eventEii
                0x00005678       0x38 .pio\build\uno_r4_minima\libFrameworkArduino.a(IRQManager.cpp.o)
                0x00005678                IRQManager::set_sci_rx_link_event(int, int)
 .text._ZN10IRQManager22set_sci_tei_link_eventEii
                0x000056b0       0x38 .pio\build\uno_r4_minima\libFrameworkArduino.a(IRQManager.cpp.o)
                0x000056b0                IRQManager::set_sci_tei_link_event(int, int)
 .text._ZN10IRQManager22set_sci_eri_link_eventEii
                0x000056e8       0x38 .pio\build\uno_r4_minima\libFrameworkArduino.a(IRQManager.cpp.o)
                0x000056e8                IRQManager::set_sci_eri_link_event(int, int)
 .text._ZN10IRQManager21set_spi_tx_link_eventEii
                0x00005720       0x20 .pio\build\uno_r4_minima\libFrameworkArduino.a(IRQManager.cpp.o)
                0x00005720                IRQManager::set_spi_tx_link_event(int, int)
 .text._ZN10IRQManager21set_spi_rx_link_eventEii
                0x00005740       0x20 .pio\build\uno_r4_minima\libFrameworkArduino.a(IRQManager.cpp.o)
                0x00005740                IRQManager::set_spi_rx_link_event(int, int)
 .text._ZN10IRQManager22set_spi_tei_link_eventEii
                0x00005760       0x20 .pio\build\uno_r4_minima\libFrameworkArduino.a(IRQManager.cpp.o)
                0x00005760                IRQManager::set_spi_tei_link_event(int, int)
 .text._ZN10IRQManager22set_spi_eri_link_eventEii
                0x00005780       0x20 .pio\build\uno_r4_minima\libFrameworkArduino.a(IRQManager.cpp.o)
                0x00005780                IRQManager::set_spi_eri_link_event(int, int)
 .text._ZN10IRQManager13addPeripheralE12Peripheral_tPv
                0x000057a0      0x904 .pio\build\uno_r4_minima\libFrameworkArduino.a(IRQManager.cpp.o)
                0x000057a0                IRQManager::addPeripheral(Peripheral_t, void*)
 .text._ZL13readAllGroupAP13ADC_Container
                0x000060a4       0x2c .pio\build\uno_r4_minima\libFrameworkArduino.a(analog.cpp.o)
 .text._ZL11ADC_irq_cbkP20st_adc_callback_args
                0x000060d0       0x58 .pio\build\uno_r4_minima\libFrameworkArduino.a(analog.cpp.o)
 .text._ZL10adcConvertP13ADC_Containert
                0x00006128       0xa4 .pio\build\uno_r4_minima\libFrameworkArduino.a(analog.cpp.o)
 .text._ZL21get_ADC_container_ptrlRt.constprop.4
                0x000061cc       0x38 .pio\build\uno_r4_minima\libFrameworkArduino.a(analog.cpp.o)
 .text._ZN13ADC_ContainerC2EhPFvP20st_adc_callback_argsEPv
                0x00006204       0x6e .pio\build\uno_r4_minima\libFrameworkArduino.a(analog.cpp.o)
                0x00006204                ADC_Container::ADC_Container(unsigned char, void (*)(st_adc_callback_args*), void*)
                0x00006204                ADC_Container::ADC_Container(unsigned char, void (*)(st_adc_callback_args*), void*)
 .text._ZN13ADC_ContainerD2Ev
                0x00006272       0x12 .pio\build\uno_r4_minima\libFrameworkArduino.a(analog.cpp.o)
                0x00006272                ADC_Container::~ADC_Container()
                0x00006272                ADC_Container::~ADC_Container()
 .text.analogRead
                0x00006284       0x3c .pio\build\uno_r4_minima\libFrameworkArduino.a(analog.cpp.o)
                0x00006284                analogRead
 .text.analogReference
                0x000062c0       0x5c .pio\build\uno_r4_minima\libFrameworkArduino.a(analog.cpp.o)
                0x000062c0                analogReference
 *fill*         0x0000631c        0x4 ff
 .text._Z15analogReferencev
                0x00006320      0x10c .pio\build\uno_r4_minima\libFrameworkArduino.a(analog.cpp.o)
                0x00006320                analogReference()
 .text._Z23__get_timer_for_channeli
                0x0000642c       0x2c .pio\build\uno_r4_minima\libFrameworkArduino.a(analog.cpp.o)
                0x0000642c                __get_timer_for_channel(int)
 .text.startup._GLOBAL__sub_I__ZN13ADC_ContainerC2EhPFvP20st_adc_callback_argsEPv
                0x00006458       0x4c .pio\build\uno_r4_minima\libFrameworkArduino.a(analog.cpp.o)
 .text.exit._GLOBAL__sub_D__ZN13ADC_ContainerC2EhPFvP20st_adc_callback_argsEPv
                0x000064a4       0x1c .pio\build\uno_r4_minima\libFrameworkArduino.a(analog.cpp.o)
 .text._Z3maplllll
                0x000064c0       0x14 .pio\build\uno_r4_minima\libFrameworkArduino.a(Common.cpp.o)
                0x000064c0                map(long, long, long, long, long)
 .text._ZN7arduino5Print5writeEPKc.part.2
                0x000064d4       0x1e .pio\build\uno_r4_minima\libFrameworkArduino.a(Print.cpp.o)
 .text._ZN7arduino5Print5writeEPKc
                0x000064f2        0xa .pio\build\uno_r4_minima\libFrameworkArduino.a(Print.cpp.o)
                0x000064f2                arduino::Print::write(char const*)
 .text._ZN7arduino5Print5printEPKc
                0x000064fc        0x8 .pio\build\uno_r4_minima\libFrameworkArduino.a(Print.cpp.o)
                0x000064fc                arduino::Print::print(char const*)
 .text._ZN7arduino5Print5printEc
                0x00006504        0x8 .pio\build\uno_r4_minima\libFrameworkArduino.a(Print.cpp.o)
                0x00006504                arduino::Print::print(char)
 .text._ZN7arduino5Print7printlnEv
                0x0000650c        0xc .pio\build\uno_r4_minima\libFrameworkArduino.a(Print.cpp.o)
                0x0000650c                arduino::Print::println()
 .text._ZN7arduino5Print7printlnEPKc
                0x00006518       0x14 .pio\build\uno_r4_minima\libFrameworkArduino.a(Print.cpp.o)
                0x00006518                arduino::Print::println(char const*)
 .text._ZN7arduino5Print11printNumberEmh
                0x0000652c       0x3c .pio\build\uno_r4_minima\libFrameworkArduino.a(Print.cpp.o)
                0x0000652c                arduino::Print::printNumber(unsigned long, unsigned char)
 .text._ZN7arduino5Print5printEli
                0x00006568       0x44 .pio\build\uno_r4_minima\libFrameworkArduino.a(Print.cpp.o)
                0x00006568                arduino::Print::print(long, int)
 .text._ZN7arduino5Print5printEii
                0x000065ac        0x4 .pio\build\uno_r4_minima\libFrameworkArduino.a(Print.cpp.o)
                0x000065ac                arduino::Print::print(int, int)
 .text._ZN7arduino5Print7printlnEii
                0x000065b0       0x14 .pio\build\uno_r4_minima\libFrameworkArduino.a(Print.cpp.o)
                0x000065b0                arduino::Print::println(int, int)
 .text._ZN7arduino5Print10printFloatEdi
                0x000065c4      0x17c .pio\build\uno_r4_minima\libFrameworkArduino.a(Print.cpp.o)
                0x000065c4                arduino::Print::printFloat(double, int)
 .text._ZN7arduino5Print5printEdi
                0x00006740        0x4 .pio\build\uno_r4_minima\libFrameworkArduino.a(Print.cpp.o)
                0x00006740                arduino::Print::print(double, int)
 .text._ZN7arduino5Print7printlnEdi
                0x00006744       0x14 .pio\build\uno_r4_minima\libFrameworkArduino.a(Print.cpp.o)
                0x00006744                arduino::Print::println(double, int)
 .text._ZN4CDacC2Eh
                0x00006758       0x6c .pio\build\uno_r4_minima\libFrameworkArduino.a(dac.cpp.o)
                0x00006758                CDac::CDac(unsigned char)
                0x00006758                CDac::CDac(unsigned char)
 .text.startup._GLOBAL__sub_I__ZN4CDacC2Eh
                0x000067c4        0xc .pio\build\uno_r4_minima\libFrameworkArduino.a(dac.cpp.o)
 .text.pinMode  0x000067d0       0x30 .pio\build\uno_r4_minima\libFrameworkArduino.a(digital.cpp.o)
                0x000067d0                pinMode
 .text.digitalWrite
                0x00006800       0x18 .pio\build\uno_r4_minima\libFrameworkArduino.a(digital.cpp.o)
                0x00006800                digitalWrite
 .text.R_BSP_PinAccessEnable
                0x00006818       0x2c .pio\build\uno_r4_minima\libFrameworkArduino.a(main.cpp.o)
 .text.start_freertos_on_header_inclusion
                0x00006844        0x2 .pio\build\uno_r4_minima\libFrameworkArduino.a(main.cpp.o)
                0x00006844                start_freertos_on_header_inclusion
 .text.early_start_freertos_on_header_inclusion
                0x00006846        0x2 .pio\build\uno_r4_minima\libFrameworkArduino.a(main.cpp.o)
                0x00006846                early_start_freertos_on_header_inclusion
 .text.atexit   0x00006848        0x4 .pio\build\uno_r4_minima\libFrameworkArduino.a(main.cpp.o)
                0x00006848                atexit
 .text._Z12arduino_mainv
                0x0000684c       0x84 .pio\build\uno_r4_minima\libFrameworkArduino.a(main.cpp.o)
                0x0000684c                arduino_main()
 .text.hal_entry
                0x000068d0        0x6 .pio\build\uno_r4_minima\libFrameworkArduino.a(main.cpp.o)
                0x000068d0                hal_entry
 *fill*         0x000068d6        0x2 ff
 .text._Z13pinPeripheral19e_bsp_io_port_pin_tm
                0x000068d8       0x10 .pio\build\uno_r4_minima\libFrameworkArduino.a(pinDefinitions.cpp.o)
                0x000068d8                pinPeripheral(e_bsp_io_port_pin_t, unsigned long)
 .text._ZN6PwmOutC2Ei
                0x000068e8       0x14 .pio\build\uno_r4_minima\libFrameworkArduino.a(pwm.cpp.o)
                0x000068e8                PwmOut::PwmOut(int)
                0x000068e8                PwmOut::PwmOut(int)
 .text._ZN6PwmOutD2Ev
                0x000068fc        0xe .pio\build\uno_r4_minima\libFrameworkArduino.a(pwm.cpp.o)
                0x000068fc                PwmOut::~PwmOut()
                0x000068fc                PwmOut::~PwmOut()
 *fill*         0x0000690a        0x2 ff
 .text._ZN6PwmOut7cfg_pinEi
                0x0000690c       0x74 .pio\build\uno_r4_minima\libFrameworkArduino.a(pwm.cpp.o)
                0x0000690c                PwmOut::cfg_pin(int)
 .text._ZN6PwmOut5beginEff
                0x00006980       0x84 .pio\build\uno_r4_minima\libFrameworkArduino.a(pwm.cpp.o)
                0x00006980                PwmOut::begin(float, float)
 .text._ZN6PwmOut14pulseWidth_rawEi
                0x00006a04        0x8 .pio\build\uno_r4_minima\libFrameworkArduino.a(pwm.cpp.o)
                0x00006a04                PwmOut::pulseWidth_raw(int)
 .text._ZN6PwmOut10pulse_percEf
                0x00006a0c       0x40 .pio\build\uno_r4_minima\libFrameworkArduino.a(pwm.cpp.o)
                0x00006a0c                PwmOut::pulse_perc(float)
 .text._ZL21timer_micros_callbackP22st_timer_callback_args
                0x00006a4c       0x10 .pio\build\uno_r4_minima\libFrameworkArduino.a(time.cpp.o)
 .text.delayMicroseconds
                0x00006a5c        0x6 .pio\build\uno_r4_minima\libFrameworkArduino.a(time.cpp.o)
                0x00006a5c                delayMicroseconds
 .text.yield    0x00006a62        0x2 .pio\build\uno_r4_minima\libFrameworkArduino.a(time.cpp.o)
                0x00006a62                yield
 .text.delay    0x00006a64       0x1c .pio\build\uno_r4_minima\libFrameworkArduino.a(time.cpp.o)
                0x00006a64                delay
 .text._Z8startAgtv
                0x00006a80       0x6c .pio\build\uno_r4_minima\libFrameworkArduino.a(time.cpp.o)
                0x00006a80                startAgt()
 .text.millis   0x00006aec        0xc .pio\build\uno_r4_minima\libFrameworkArduino.a(time.cpp.o)
                0x00006aec                millis
 .text.startup._GLOBAL__sub_I_delayMicroseconds
                0x00006af8        0xc .pio\build\uno_r4_minima\libFrameworkArduino.a(time.cpp.o)
 .text.exit._GLOBAL__sub_D_delayMicroseconds
                0x00006b04        0xc .pio\build\uno_r4_minima\libFrameworkArduino.a(time.cpp.o)
 .text._ZN10_SerialUSB5beginEmt
                0x00006b10        0x6 .pio\build\uno_r4_minima\libFrameworkArduino.a(SerialUSB.cpp.o)
                0x00006b10                _SerialUSB::begin(unsigned long, unsigned short)
 .text._ZN10_SerialUSB5beginEm
                0x00006b16        0xa .pio\build\uno_r4_minima\libFrameworkArduino.a(SerialUSB.cpp.o)
                0x00006b16                _SerialUSB::begin(unsigned long)
 .text._ZN10_SerialUSB3endEv
                0x00006b20        0x2 .pio\build\uno_r4_minima\libFrameworkArduino.a(SerialUSB.cpp.o)
                0x00006b20                _SerialUSB::end()
 .text._ZN10_SerialUSB5writeEh
                0x00006b22       0x16 .pio\build\uno_r4_minima\libFrameworkArduino.a(SerialUSB.cpp.o)
                0x00006b22                _SerialUSB::write(unsigned char)
 .text._ZN10_SerialUSB9availableEv
                0x00006b38        0xc .pio\build\uno_r4_minima\libFrameworkArduino.a(SerialUSB.cpp.o)
                0x00006b38                _SerialUSB::available()
 .text._ZN10_SerialUSB17availableForWriteEv
                0x00006b44        0xc .pio\build\uno_r4_minima\libFrameworkArduino.a(SerialUSB.cpp.o)
                0x00006b44                _SerialUSB::availableForWrite()
 .text._ZN10_SerialUSB5flushEv
                0x00006b50        0xc .pio\build\uno_r4_minima\libFrameworkArduino.a(SerialUSB.cpp.o)
                0x00006b50                _SerialUSB::flush()
 .text._ZN10_SerialUSB4peekEv
                0x00006b5c       0x22 .pio\build\uno_r4_minima\libFrameworkArduino.a(SerialUSB.cpp.o)
                0x00006b5c                _SerialUSB::peek()
 .text._Z18__USBInstallSerialv
                0x00006b7e        0x2 .pio\build\uno_r4_minima\libFrameworkArduino.a(SerialUSB.cpp.o)
                0x00006b7e                __USBInstallSerial()
 .text._ZN10_SerialUSB9connectedEv
                0x00006b80       0x10 .pio\build\uno_r4_minima\libFrameworkArduino.a(SerialUSB.cpp.o)
                0x00006b80                _SerialUSB::connected()
 .text._ZN10_SerialUSB4readEv
                0x00006b90       0x38 .pio\build\uno_r4_minima\libFrameworkArduino.a(SerialUSB.cpp.o)
                0x00006b90                _SerialUSB::read()
 .text._ZN10_SerialUSB5writeEPKhj
                0x00006bc8       0x62 .pio\build\uno_r4_minima\libFrameworkArduino.a(SerialUSB.cpp.o)
                0x00006bc8                _SerialUSB::write(unsigned char const*, unsigned int)
 *fill*         0x00006c2a        0x2 ff
 .text._ZN10_SerialUSBcvbEv
                0x00006c2c       0x3c .pio\build\uno_r4_minima\libFrameworkArduino.a(SerialUSB.cpp.o)
                0x00006c2c                _SerialUSB::operator bool()
 .text.tud_dfu_runtime_reboot_to_dfu_cb
                0x00006c68       0x6c .pio\build\uno_r4_minima\libFrameworkArduino.a(SerialUSB.cpp.o)
                0x00006c68                tud_dfu_runtime_reboot_to_dfu_cb
 .text.tud_cdc_line_state_cb
                0x00006cd4       0x28 .pio\build\uno_r4_minima\libFrameworkArduino.a(SerialUSB.cpp.o)
                0x00006cd4                tud_cdc_line_state_cb
 .text.tud_cdc_line_coding_cb
                0x00006cfc       0x40 .pio\build\uno_r4_minima\libFrameworkArduino.a(SerialUSB.cpp.o)
                0x00006cfc                tud_cdc_line_coding_cb
 .text.startup._GLOBAL__sub_I__ZN10_SerialUSB5beginEm
                0x00006d3c       0x20 .pio\build\uno_r4_minima\libFrameworkArduino.a(SerialUSB.cpp.o)
 .text._ZL5utox8mPc
                0x00006d5c       0x22 .pio\build\uno_r4_minima\libFrameworkArduino.a(USB.cpp.o)
 *fill*         0x00006d7e        0x2 ff
 .text._Z24_usbfs_interrupt_handlerv
                0x00006d80       0x34 .pio\build\uno_r4_minima\libFrameworkArduino.a(USB.cpp.o)
                0x00006d80                _usbfs_interrupt_handler()
 .text.tud_descriptor_device_cb
                0x00006db4       0x10 .pio\build\uno_r4_minima\libFrameworkArduino.a(USB.cpp.o)
                0x00006db4                tud_descriptor_device_cb
 .text.tud_hid_descriptor_report_cb
                0x00006dc4       0x1c .pio\build\uno_r4_minima\libFrameworkArduino.a(USB.cpp.o)
                0x00006dc4                tud_hid_descriptor_report_cb
 .text.tud_descriptor_configuration_cb
                0x00006de0        0xc .pio\build\uno_r4_minima\libFrameworkArduino.a(USB.cpp.o)
                0x00006de0                tud_descriptor_configuration_cb
 .text._Z20__SetupUSBDescriptorv
                0x00006dec      0x16c .pio\build\uno_r4_minima\libFrameworkArduino.a(USB.cpp.o)
                0x00006dec                __SetupUSBDescriptor()
 .text.tud_descriptor_string_cb
                0x00006f58       0x94 .pio\build\uno_r4_minima\libFrameworkArduino.a(USB.cpp.o)
                0x00006f58                tud_descriptor_string_cb
 .text._Z17configure_usb_muxv
                0x00006fec        0x2 .pio\build\uno_r4_minima\libFrameworkArduino.a(USB.cpp.o)
                0x00006fec                configure_usb_mux()
 *fill*         0x00006fee        0x2 ff
 .text._Z10__USBStartv
                0x00006ff0       0x84 .pio\build\uno_r4_minima\libFrameworkArduino.a(USB.cpp.o)
                0x00006ff0                __USBStart()
 .text.tud_hid_get_report_cb
                0x00007074        0x4 .pio\build\uno_r4_minima\libFrameworkArduino.a(USB.cpp.o)
                0x00007074                tud_hid_get_report_cb
 .text.tud_hid_set_report_cb
                0x00007078        0x2 .pio\build\uno_r4_minima\libFrameworkArduino.a(USB.cpp.o)
                0x00007078                tud_hid_set_report_cb
 *fill*         0x0000707a        0x2 ff
 .text._Z10getPinCfgsh11PinCfgReq_t
                0x0000707c       0xe0 .pio\build\uno_r4_minima\libFrameworkArduino.a(variant_helper.cpp.o)
                0x0000707c                getPinCfgs(unsigned char, PinCfgReq_t)
 .text._Z12goBootloaderv
                0x0000715c       0x54 .pio\build\uno_r4_minima\libFrameworkArduino.a(boot.cpp.o)
                0x0000715c                goBootloader()
 .text._prep_out_transaction
                0x000071b0       0x42 .pio\build\uno_r4_minima\libFrameworkArduino.a(cdc_device.c.o)
 *fill*         0x000071f2        0x2 ff
 .text.tud_cdc_n_connected
                0x000071f4       0x2c .pio\build\uno_r4_minima\libFrameworkArduino.a(cdc_device.c.o)
                0x000071f4                tud_cdc_n_connected
 .text.tud_cdc_n_available
                0x00007220       0x18 .pio\build\uno_r4_minima\libFrameworkArduino.a(cdc_device.c.o)
                0x00007220                tud_cdc_n_available
 .text.tud_cdc_n_read
                0x00007238       0x34 .pio\build\uno_r4_minima\libFrameworkArduino.a(cdc_device.c.o)
                0x00007238                tud_cdc_n_read
 .text.tud_cdc_n_peek
                0x0000726c       0x14 .pio\build\uno_r4_minima\libFrameworkArduino.a(cdc_device.c.o)
                0x0000726c                tud_cdc_n_peek
 .text.tud_cdc_n_write_flush
                0x00007280       0x88 .pio\build\uno_r4_minima\libFrameworkArduino.a(cdc_device.c.o)
                0x00007280                tud_cdc_n_write_flush
 .text.tud_cdc_n_write
                0x00007308       0x40 .pio\build\uno_r4_minima\libFrameworkArduino.a(cdc_device.c.o)
                0x00007308                tud_cdc_n_write
 .text.tud_cdc_n_write_available
                0x00007348       0x18 .pio\build\uno_r4_minima\libFrameworkArduino.a(cdc_device.c.o)
                0x00007348                tud_cdc_n_write_available
 .text.cdcd_init
                0x00007360       0x54 .pio\build\uno_r4_minima\libFrameworkArduino.a(cdc_device.c.o)
                0x00007360                cdcd_init
 .text.cdcd_reset
                0x000073b4       0x30 .pio\build\uno_r4_minima\libFrameworkArduino.a(cdc_device.c.o)
                0x000073b4                cdcd_reset
 .text.cdcd_open
                0x000073e4       0xa4 .pio\build\uno_r4_minima\libFrameworkArduino.a(cdc_device.c.o)
                0x000073e4                cdcd_open
 .text.cdcd_control_xfer_cb
                0x00007488       0xbc .pio\build\uno_r4_minima\libFrameworkArduino.a(cdc_device.c.o)
                0x00007488                cdcd_control_xfer_cb
 .text.cdcd_xfer_cb
                0x00007544      0x100 .pio\build\uno_r4_minima\libFrameworkArduino.a(cdc_device.c.o)
                0x00007544                cdcd_xfer_cb
 .text.advance_index
                0x00007644       0x18 .pio\build\uno_r4_minima\libFrameworkArduino.a(tusb_fifo.c.o)
 .text._tu_fifo_peek
                0x0000765c       0x4a .pio\build\uno_r4_minima\libFrameworkArduino.a(tusb_fifo.c.o)
 .text._ff_pull_const_addr
                0x000076a6       0x3c .pio\build\uno_r4_minima\libFrameworkArduino.a(tusb_fifo.c.o)
 .text._tu_fifo_peek_n
                0x000076e2      0x120 .pio\build\uno_r4_minima\libFrameworkArduino.a(tusb_fifo.c.o)
 .text._ff_push_const_addr
                0x00007802       0x36 .pio\build\uno_r4_minima\libFrameworkArduino.a(tusb_fifo.c.o)
 .text._tu_fifo_write_n.part.0
                0x00007838      0x17e .pio\build\uno_r4_minima\libFrameworkArduino.a(tusb_fifo.c.o)
 .text.tu_fifo_config
                0x000079b6       0x2e .pio\build\uno_r4_minima\libFrameworkArduino.a(tusb_fifo.c.o)
                0x000079b6                tu_fifo_config
 .text.tu_fifo_count
                0x000079e4       0x20 .pio\build\uno_r4_minima\libFrameworkArduino.a(tusb_fifo.c.o)
                0x000079e4                tu_fifo_count
 .text.tu_fifo_empty
                0x00007a04        0xe .pio\build\uno_r4_minima\libFrameworkArduino.a(tusb_fifo.c.o)
                0x00007a04                tu_fifo_empty
 .text.tu_fifo_full
                0x00007a12       0x22 .pio\build\uno_r4_minima\libFrameworkArduino.a(tusb_fifo.c.o)
                0x00007a12                tu_fifo_full
 .text.tu_fifo_remaining
                0x00007a34       0x24 .pio\build\uno_r4_minima\libFrameworkArduino.a(tusb_fifo.c.o)
                0x00007a34                tu_fifo_remaining
 .text.tu_fifo_read
                0x00007a58       0x1e .pio\build\uno_r4_minima\libFrameworkArduino.a(tusb_fifo.c.o)
                0x00007a58                tu_fifo_read
 .text.tu_fifo_read_n
                0x00007a76       0x26 .pio\build\uno_r4_minima\libFrameworkArduino.a(tusb_fifo.c.o)
                0x00007a76                tu_fifo_read_n
 .text.tu_fifo_peek
                0x00007a9c        0x8 .pio\build\uno_r4_minima\libFrameworkArduino.a(tusb_fifo.c.o)
                0x00007a9c                tu_fifo_peek
 .text.tu_fifo_write
                0x00007aa4       0x46 .pio\build\uno_r4_minima\libFrameworkArduino.a(tusb_fifo.c.o)
                0x00007aa4                tu_fifo_write
 .text.tu_fifo_write_n
                0x00007aea        0xc .pio\build\uno_r4_minima\libFrameworkArduino.a(tusb_fifo.c.o)
                0x00007aea                tu_fifo_write_n
 .text.tu_fifo_clear
                0x00007af6        0xa .pio\build\uno_r4_minima\libFrameworkArduino.a(tusb_fifo.c.o)
                0x00007af6                tu_fifo_clear
 .text.tu_fifo_set_overwritable
                0x00007b00        0xc .pio\build\uno_r4_minima\libFrameworkArduino.a(tusb_fifo.c.o)
                0x00007b00                tu_fifo_set_overwritable
 .text.tu_fifo_advance_write_pointer
                0x00007b0c       0x14 .pio\build\uno_r4_minima\libFrameworkArduino.a(tusb_fifo.c.o)
                0x00007b0c                tu_fifo_advance_write_pointer
 .text.tu_fifo_advance_read_pointer
                0x00007b20       0x14 .pio\build\uno_r4_minima\libFrameworkArduino.a(tusb_fifo.c.o)
                0x00007b20                tu_fifo_advance_read_pointer
 .text.tu_fifo_get_read_info
                0x00007b34       0x6c .pio\build\uno_r4_minima\libFrameworkArduino.a(tusb_fifo.c.o)
                0x00007b34                tu_fifo_get_read_info
 .text.tu_fifo_get_write_info
                0x00007ba0       0x64 .pio\build\uno_r4_minima\libFrameworkArduino.a(tusb_fifo.c.o)
                0x00007ba0                tu_fifo_get_write_info
 .text.get_driver
                0x00007c04       0x38 .pio\build\uno_r4_minima\libFrameworkArduino.a(usbd.c.o)
 .text.configuration_reset
                0x00007c3c       0x64 .pio\build\uno_r4_minima\libFrameworkArduino.a(usbd.c.o)
 .text.invoke_class_control.isra.1
                0x00007ca0       0x1c .pio\build\uno_r4_minima\libFrameworkArduino.a(usbd.c.o)
 .text.usbd_int_set
                0x00007cbc       0x18 .pio\build\uno_r4_minima\libFrameworkArduino.a(usbd.c.o)
                0x00007cbc                usbd_int_set
 .text.tud_mounted
                0x00007cd4       0x10 .pio\build\uno_r4_minima\libFrameworkArduino.a(usbd.c.o)
                0x00007cd4                tud_mounted
 .text.tud_suspended
                0x00007ce4       0x10 .pio\build\uno_r4_minima\libFrameworkArduino.a(usbd.c.o)
                0x00007ce4                tud_suspended
 .text.tud_inited
                0x00007cf4       0x10 .pio\build\uno_r4_minima\libFrameworkArduino.a(usbd.c.o)
                0x00007cf4                tud_inited
 .text.tud_init
                0x00007d04       0x90 .pio\build\uno_r4_minima\libFrameworkArduino.a(usbd.c.o)
                0x00007d04                tud_init
 .text.dcd_event_handler
                0x00007d94      0x108 .pio\build\uno_r4_minima\libFrameworkArduino.a(usbd.c.o)
                0x00007d94                dcd_event_handler
 .text.usbd_edpt_open
                0x00007e9c       0x48 .pio\build\uno_r4_minima\libFrameworkArduino.a(usbd.c.o)
                0x00007e9c                usbd_edpt_open
 .text.usbd_open_edpt_pair
                0x00007ee4       0x68 .pio\build\uno_r4_minima\libFrameworkArduino.a(usbd.c.o)
                0x00007ee4                usbd_open_edpt_pair
 .text.usbd_edpt_claim
                0x00007f4c       0x1c .pio\build\uno_r4_minima\libFrameworkArduino.a(usbd.c.o)
                0x00007f4c                usbd_edpt_claim
 .text.usbd_edpt_release
                0x00007f68       0x1c .pio\build\uno_r4_minima\libFrameworkArduino.a(usbd.c.o)
                0x00007f68                usbd_edpt_release
 .text.usbd_edpt_xfer
                0x00007f84       0x64 .pio\build\uno_r4_minima\libFrameworkArduino.a(usbd.c.o)
                0x00007f84                usbd_edpt_xfer
 .text.usbd_edpt_stall
                0x00007fe8       0x3c .pio\build\uno_r4_minima\libFrameworkArduino.a(usbd.c.o)
                0x00007fe8                usbd_edpt_stall
 .text.usbd_edpt_clear_stall
                0x00008024       0x3c .pio\build\uno_r4_minima\libFrameworkArduino.a(usbd.c.o)
                0x00008024                usbd_edpt_clear_stall
 .text.tud_task_ext
                0x00008060      0x5cc .pio\build\uno_r4_minima\libFrameworkArduino.a(usbd.c.o)
                0x00008060                tud_task_ext
 .text._data_stage_xact
                0x0000862c       0x54 .pio\build\uno_r4_minima\libFrameworkArduino.a(usbd_control.c.o)
 .text.tud_control_status
                0x00008680       0x30 .pio\build\uno_r4_minima\libFrameworkArduino.a(usbd_control.c.o)
                0x00008680                tud_control_status
 .text.tud_control_xfer
                0x000086b0       0x70 .pio\build\uno_r4_minima\libFrameworkArduino.a(usbd_control.c.o)
                0x000086b0                tud_control_xfer
 .text.usbd_control_reset
                0x00008720       0x10 .pio\build\uno_r4_minima\libFrameworkArduino.a(usbd_control.c.o)
                0x00008720                usbd_control_reset
 .text.usbd_control_set_complete_callback
                0x00008730        0xc .pio\build\uno_r4_minima\libFrameworkArduino.a(usbd_control.c.o)
                0x00008730                usbd_control_set_complete_callback
 .text.usbd_control_set_request
                0x0000873c       0x18 .pio\build\uno_r4_minima\libFrameworkArduino.a(usbd_control.c.o)
                0x0000873c                usbd_control_set_request
 .text.usbd_control_xfer_cb
                0x00008754       0xd0 .pio\build\uno_r4_minima\libFrameworkArduino.a(usbd_control.c.o)
                0x00008754                usbd_control_xfer_cb
 .text.pipe_write_packet.isra.0
                0x00008824       0x28 .pio\build\uno_r4_minima\libFrameworkArduino.a(dcd_rusb2.c.o)
 .text.pipe_write_packet_ff.isra.2
                0x0000884c       0x4c .pio\build\uno_r4_minima\libFrameworkArduino.a(dcd_rusb2.c.o)
 .text.pipe0_xfer_in
                0x00008898       0x68 .pio\build\uno_r4_minima\libFrameworkArduino.a(dcd_rusb2.c.o)
 .text.process_pipe0_xfer
                0x00008900       0x7c .pio\build\uno_r4_minima\libFrameworkArduino.a(dcd_rusb2.c.o)
 .text.pipe_xfer_in
                0x0000897c       0xd4 .pio\build\uno_r4_minima\libFrameworkArduino.a(dcd_rusb2.c.o)
 .text.process_pipe_xfer
                0x00008a50       0xe0 .pio\build\uno_r4_minima\libFrameworkArduino.a(dcd_rusb2.c.o)
 .text.pipe_read_packet_ff.isra.3
                0x00008b30       0x5a .pio\build\uno_r4_minima\libFrameworkArduino.a(dcd_rusb2.c.o)
 *fill*         0x00008b8a        0x2 ff
 .text.dcd_int_enable
                0x00008b8c       0x2c .pio\build\uno_r4_minima\libFrameworkArduino.a(dcd_rusb2.c.o)
                0x00008b8c                dcd_int_enable
 .text.dcd_int_disable
                0x00008bb8       0x34 .pio\build\uno_r4_minima\libFrameworkArduino.a(dcd_rusb2.c.o)
                0x00008bb8                dcd_int_disable
 .text.dcd_set_address
                0x00008bec        0x2 .pio\build\uno_r4_minima\libFrameworkArduino.a(dcd_rusb2.c.o)
                0x00008bec                dcd_set_address
 *fill*         0x00008bee        0x2 ff
 .text.dcd_connect
                0x00008bf0       0x14 .pio\build\uno_r4_minima\libFrameworkArduino.a(dcd_rusb2.c.o)
                0x00008bf0                dcd_connect
 .text.dcd_init
                0x00008c04       0x88 .pio\build\uno_r4_minima\libFrameworkArduino.a(dcd_rusb2.c.o)
                0x00008c04                dcd_init
 .text.dcd_disconnect
                0x00008c8c       0x14 .pio\build\uno_r4_minima\libFrameworkArduino.a(dcd_rusb2.c.o)
                0x00008c8c                dcd_disconnect
 .text.dcd_edpt_open
                0x00008ca0      0x138 .pio\build\uno_r4_minima\libFrameworkArduino.a(dcd_rusb2.c.o)
                0x00008ca0                dcd_edpt_open
 .text.dcd_edpt_close
                0x00008dd8       0x60 .pio\build\uno_r4_minima\libFrameworkArduino.a(dcd_rusb2.c.o)
                0x00008dd8                dcd_edpt_close
 .text.dcd_edpt_close_all
                0x00008e38       0x34 .pio\build\uno_r4_minima\libFrameworkArduino.a(dcd_rusb2.c.o)
                0x00008e38                dcd_edpt_close_all
 .text.dcd_edpt_xfer
                0x00008e6c       0x48 .pio\build\uno_r4_minima\libFrameworkArduino.a(dcd_rusb2.c.o)
                0x00008e6c                dcd_edpt_xfer
 .text.dcd_edpt_stall
                0x00008eb4       0x58 .pio\build\uno_r4_minima\libFrameworkArduino.a(dcd_rusb2.c.o)
                0x00008eb4                dcd_edpt_stall
 .text.dcd_edpt_clear_stall
                0x00008f0c       0x74 .pio\build\uno_r4_minima\libFrameworkArduino.a(dcd_rusb2.c.o)
                0x00008f0c                dcd_edpt_clear_stall
 .text.dcd_int_handler
                0x00008f80      0x4bc .pio\build\uno_r4_minima\libFrameworkArduino.a(dcd_rusb2.c.o)
                0x00008f80                dcd_int_handler
 .text.tusb_rusb2_set_irqnum
                0x0000943c       0x10 .pio\build\uno_r4_minima\libFrameworkArduino.a(rusb2_common.c.o)
                0x0000943c                tusb_rusb2_set_irqnum
 .text.tusb_inited
                0x0000944c        0x4 .pio\build\uno_r4_minima\libFrameworkArduino.a(tusb.c.o)
                0x0000944c                tusb_inited
 .text.tu_edpt_claim
                0x00009450       0x2e .pio\build\uno_r4_minima\libFrameworkArduino.a(tusb.c.o)
                0x00009450                tu_edpt_claim
 .text.tu_edpt_release
                0x0000947e       0x20 .pio\build\uno_r4_minima\libFrameworkArduino.a(tusb.c.o)
                0x0000947e                tu_edpt_release
 *fill*         0x0000949e        0x2 ff
 .text.tu_edpt_validate
                0x000094a0       0x60 .pio\build\uno_r4_minima\libFrameworkArduino.a(tusb.c.o)
                0x000094a0                tu_edpt_validate
 .text.tu_edpt_bind_driver
                0x00009500       0x24 .pio\build\uno_r4_minima\libFrameworkArduino.a(tusb.c.o)
                0x00009500                tu_edpt_bind_driver
 .text.dfu_rtd_init
                0x00009524        0x2 .pio\build\uno_r4_minima\libFrameworkArduino.a(dfu_rt_device.c.o)
                0x00009524                dfu_rtd_init
 .text.dfu_rtd_reset
                0x00009526        0x2 .pio\build\uno_r4_minima\libFrameworkArduino.a(dfu_rt_device.c.o)
                0x00009526                dfu_rtd_reset
 .text.dfu_rtd_open
                0x00009528       0x24 .pio\build\uno_r4_minima\libFrameworkArduino.a(dfu_rt_device.c.o)
                0x00009528                dfu_rtd_open
 .text.dfu_rtd_control_xfer_cb
                0x0000954c       0x64 .pio\build\uno_r4_minima\libFrameworkArduino.a(dfu_rt_device.c.o)
                0x0000954c                dfu_rtd_control_xfer_cb
 .text.hidd_reset
                0x000095b0       0x10 .pio\build\uno_r4_minima\libFrameworkArduino.a(hid_device.c.o)
                0x000095b0                hidd_reset
 .text.hidd_init
                0x000095c0        0x6 .pio\build\uno_r4_minima\libFrameworkArduino.a(hid_device.c.o)
                0x000095c0                hidd_init
 *fill*         0x000095c6        0x2 ff
 .text.hidd_open
                0x000095c8       0xc4 .pio\build\uno_r4_minima\libFrameworkArduino.a(hid_device.c.o)
                0x000095c8                hidd_open
 .text.hidd_control_xfer_cb
                0x0000968c      0x1e0 .pio\build\uno_r4_minima\libFrameworkArduino.a(hid_device.c.o)
                0x0000968c                hidd_control_xfer_cb
 .text.hidd_xfer_cb
                0x0000986c       0x7c .pio\build\uno_r4_minima\libFrameworkArduino.a(hid_device.c.o)
                0x0000986c                hidd_xfer_cb
 .text.R_WDT_Open
                0x000098e8       0x58 C:\Users\karab\.platformio\packages\framework-arduinorenesas-uno\variants\MINIMA\libs\libfsp.a(r_wdt.o)
                0x000098e8                R_WDT_Open
 .text.R_WDT_Refresh
                0x00009940       0x10 C:\Users\karab\.platformio\packages\framework-arduinorenesas-uno\variants\MINIMA\libs\libfsp.a(r_wdt.o)
                0x00009940                R_WDT_Refresh
 .text.r_spi_call_callback
                0x00009950       0x40 C:\Users\karab\.platformio\packages\framework-arduinorenesas-uno\variants\MINIMA\libs\libfsp.a(r_spi.o)
 .text.spi_rxi_isr
                0x00009990       0x9c C:\Users\karab\.platformio\packages\framework-arduinorenesas-uno\variants\MINIMA\libs\libfsp.a(r_spi.o)
                0x00009990                spi_rxi_isr
 .text.spi_txi_isr
                0x00009a2c       0xd8 C:\Users\karab\.platformio\packages\framework-arduinorenesas-uno\variants\MINIMA\libs\libfsp.a(r_spi.o)
                0x00009a2c                spi_txi_isr
 .text.spi_tei_isr
                0x00009b04       0xe0 C:\Users\karab\.platformio\packages\framework-arduinorenesas-uno\variants\MINIMA\libs\libfsp.a(r_spi.o)
                0x00009b04                spi_tei_isr
 .text.spi_eri_isr
                0x00009be4       0xdc C:\Users\karab\.platformio\packages\framework-arduinorenesas-uno\variants\MINIMA\libs\libfsp.a(r_spi.o)
                0x00009be4                spi_eri_isr
 .text.r_sci_uart_call_callback
                0x00009cc0       0x44 C:\Users\karab\.platformio\packages\framework-arduinorenesas-uno\variants\MINIMA\libs\libfsp.a(r_sci_uart.o)
 .text.sci_uart_txi_isr
                0x00009d04       0xec C:\Users\karab\.platformio\packages\framework-arduinorenesas-uno\variants\MINIMA\libs\libfsp.a(r_sci_uart.o)
                0x00009d04                sci_uart_txi_isr
 .text.sci_uart_rxi_isr
                0x00009df0      0x184 C:\Users\karab\.platformio\packages\framework-arduinorenesas-uno\variants\MINIMA\libs\libfsp.a(r_sci_uart.o)
                0x00009df0                sci_uart_rxi_isr
 .text.sci_uart_tei_isr
                0x00009f74       0x40 C:\Users\karab\.platformio\packages\framework-arduinorenesas-uno\variants\MINIMA\libs\libfsp.a(r_sci_uart.o)
                0x00009f74                sci_uart_tei_isr
 .text.sci_uart_eri_isr
                0x00009fb4       0x78 C:\Users\karab\.platformio\packages\framework-arduinorenesas-uno\variants\MINIMA\libs\libfsp.a(r_sci_uart.o)
                0x00009fb4                sci_uart_eri_isr
 .text.r_sci_spi_call_callback
                0x0000a02c       0x40 C:\Users\karab\.platformio\packages\framework-arduinorenesas-uno\variants\MINIMA\libs\libfsp.a(r_sci_spi.o)
 .text.sci_spi_txi_isr
                0x0000a06c       0x68 C:\Users\karab\.platformio\packages\framework-arduinorenesas-uno\variants\MINIMA\libs\libfsp.a(r_sci_spi.o)
                0x0000a06c                sci_spi_txi_isr
 .text.sci_spi_rxi_isr
                0x0000a0d4       0x74 C:\Users\karab\.platformio\packages\framework-arduinorenesas-uno\variants\MINIMA\libs\libfsp.a(r_sci_spi.o)
                0x0000a0d4                sci_spi_rxi_isr
 .text.sci_spi_tei_isr
                0x0000a148       0x3c C:\Users\karab\.platformio\packages\framework-arduinorenesas-uno\variants\MINIMA\libs\libfsp.a(r_sci_spi.o)
                0x0000a148                sci_spi_tei_isr
 .text.sci_spi_eri_isr
                0x0000a184       0x44 C:\Users\karab\.platformio\packages\framework-arduinorenesas-uno\variants\MINIMA\libs\libfsp.a(r_sci_spi.o)
                0x0000a184                sci_spi_eri_isr
 .text.sci_i2c_enable_transfer_support_tx
                0x0000a1c8       0x34 C:\Users\karab\.platformio\packages\framework-arduinorenesas-uno\variants\MINIMA\libs\libfsp.a(r_sci_i2c.o)
 .text.sci_i2c_notify
                0x0000a1fc       0x64 C:\Users\karab\.platformio\packages\framework-arduinorenesas-uno\variants\MINIMA\libs\libfsp.a(r_sci_i2c.o)
                0x0000a1fc                sci_i2c_notify
 .text.sci_i2c_rxi_isr
                0x0000a260       0x20 C:\Users\karab\.platformio\packages\framework-arduinorenesas-uno\variants\MINIMA\libs\libfsp.a(r_sci_i2c.o)
                0x0000a260                sci_i2c_rxi_isr
 .text.sci_i2c_txi_isr
                0x0000a280      0x198 C:\Users\karab\.platformio\packages\framework-arduinorenesas-uno\variants\MINIMA\libs\libfsp.a(r_sci_i2c.o)
                0x0000a280                sci_i2c_txi_isr
 .text.sci_i2c_tei_isr
                0x0000a418       0xf0 C:\Users\karab\.platformio\packages\framework-arduinorenesas-uno\variants\MINIMA\libs\libfsp.a(r_sci_i2c.o)
                0x0000a418                sci_i2c_tei_isr
 .text.rtc_alarm_periodic_isr
                0x0000a508       0x68 C:\Users\karab\.platformio\packages\framework-arduinorenesas-uno\variants\MINIMA\libs\libfsp.a(r_rtc.o)
                0x0000a508                rtc_alarm_periodic_isr
 .text.rtc_carry_isr
                0x0000a570       0x2c C:\Users\karab\.platformio\packages\framework-arduinorenesas-uno\variants\MINIMA\libs\libfsp.a(r_rtc.o)
                0x0000a570                rtc_carry_isr
 .text.R_IOPORT_PinWrite
                0x0000a59c       0x20 C:\Users\karab\.platformio\packages\framework-arduinorenesas-uno\variants\MINIMA\libs\libfsp.a(r_ioport.o)
                0x0000a59c                R_IOPORT_PinWrite
 .text.bsp_vbatt_init
                0x0000a5bc       0xac C:\Users\karab\.platformio\packages\framework-arduinorenesas-uno\variants\MINIMA\libs\libfsp.a(r_ioport.o)
 .text.R_IOPORT_PinCfg
                0x0000a668       0xa8 C:\Users\karab\.platformio\packages\framework-arduinorenesas-uno\variants\MINIMA\libs\libfsp.a(r_ioport.o)
                0x0000a668                R_IOPORT_PinCfg
 .text.r_iic_slave_call_callback
                0x0000a710       0x3c C:\Users\karab\.platformio\packages\framework-arduinorenesas-uno\variants\MINIMA\libs\libfsp.a(r_iic_slave.o)
 .text.iic_slave_initiate_transaction
                0x0000a74c       0x74 C:\Users\karab\.platformio\packages\framework-arduinorenesas-uno\variants\MINIMA\libs\libfsp.a(r_iic_slave.o)
 .text.iic_slave_rxi_isr
                0x0000a7c0      0x12c C:\Users\karab\.platformio\packages\framework-arduinorenesas-uno\variants\MINIMA\libs\libfsp.a(r_iic_slave.o)
                0x0000a7c0                iic_slave_rxi_isr
 .text.iic_slave_txi_isr
                0x0000a8ec       0xa8 C:\Users\karab\.platformio\packages\framework-arduinorenesas-uno\variants\MINIMA\libs\libfsp.a(r_iic_slave.o)
                0x0000a8ec                iic_slave_txi_isr
 .text.iic_slave_tei_isr
                0x0000a994       0x94 C:\Users\karab\.platformio\packages\framework-arduinorenesas-uno\variants\MINIMA\libs\libfsp.a(r_iic_slave.o)
                0x0000a994                iic_slave_tei_isr
 .text.iic_slave_eri_isr
                0x0000aa28      0x10c C:\Users\karab\.platformio\packages\framework-arduinorenesas-uno\variants\MINIMA\libs\libfsp.a(r_iic_slave.o)
                0x0000aa28                iic_slave_eri_isr
 .text.iic_master_notify
                0x0000ab34       0x3c C:\Users\karab\.platformio\packages\framework-arduinorenesas-uno\variants\MINIMA\libs\libfsp.a(r_iic_master.o)
 .text.iic_master_open_hw_master
                0x0000ab70      0x184 C:\Users\karab\.platformio\packages\framework-arduinorenesas-uno\variants\MINIMA\libs\libfsp.a(r_iic_master.o)
 .text.iic_master_rxi_isr
                0x0000acf4      0x13c C:\Users\karab\.platformio\packages\framework-arduinorenesas-uno\variants\MINIMA\libs\libfsp.a(r_iic_master.o)
                0x0000acf4                iic_master_rxi_isr
 .text.iic_master_txi_isr
                0x0000ae30       0xec C:\Users\karab\.platformio\packages\framework-arduinorenesas-uno\variants\MINIMA\libs\libfsp.a(r_iic_master.o)
                0x0000ae30                iic_master_txi_isr
 .text.iic_master_tei_isr
                0x0000af1c       0xc4 C:\Users\karab\.platformio\packages\framework-arduinorenesas-uno\variants\MINIMA\libs\libfsp.a(r_iic_master.o)
                0x0000af1c                iic_master_tei_isr
 .text.iic_master_eri_isr
                0x0000afe0      0x140 C:\Users\karab\.platformio\packages\framework-arduinorenesas-uno\variants\MINIMA\libs\libfsp.a(r_iic_master.o)
                0x0000afe0                iic_master_eri_isr
 .text.r_icu_isr
                0x0000b120       0x6c C:\Users\karab\.platformio\packages\framework-arduinorenesas-uno\variants\MINIMA\libs\libfsp.a(r_icu.o)
                0x0000b120                r_icu_isr
 .text.R_GPT_Start
                0x0000b18c        0xc C:\Users\karab\.platformio\packages\framework-arduinorenesas-uno\variants\MINIMA\libs\libfsp.a(r_gpt.o)
                0x0000b18c                R_GPT_Start
 .text.R_GPT_Enable
                0x0000b198       0x30 C:\Users\karab\.platformio\packages\framework-arduinorenesas-uno\variants\MINIMA\libs\libfsp.a(r_gpt.o)
                0x0000b198                R_GPT_Enable
 .text.r_gpt_enable_irq
                0x0000b1c8       0x5c C:\Users\karab\.platformio\packages\framework-arduinorenesas-uno\variants\MINIMA\libs\libfsp.a(r_gpt.o)
 .text.r_gpt_call_callback
                0x0000b224       0x3c C:\Users\karab\.platformio\packages\framework-arduinorenesas-uno\variants\MINIMA\libs\libfsp.a(r_gpt.o)
 .text.R_GPT_InfoGet
                0x0000b260       0x44 C:\Users\karab\.platformio\packages\framework-arduinorenesas-uno\variants\MINIMA\libs\libfsp.a(r_gpt.o)
                0x0000b260                R_GPT_InfoGet
 .text.gpt_calculate_duty_cycle.isra.0
                0x0000b2a4       0x78 C:\Users\karab\.platformio\packages\framework-arduinorenesas-uno\variants\MINIMA\libs\libfsp.a(r_gpt.o)
 .text.R_GPT_DutyCycleSet
                0x0000b31c       0xc0 C:\Users\karab\.platformio\packages\framework-arduinorenesas-uno\variants\MINIMA\libs\libfsp.a(r_gpt.o)
                0x0000b31c                R_GPT_DutyCycleSet
 .text.R_GPT_Open
                0x0000b3dc      0x264 C:\Users\karab\.platformio\packages\framework-arduinorenesas-uno\variants\MINIMA\libs\libfsp.a(r_gpt.o)
                0x0000b3dc                R_GPT_Open
 .text.R_GPT_Close
                0x0000b640       0xd4 C:\Users\karab\.platformio\packages\framework-arduinorenesas-uno\variants\MINIMA\libs\libfsp.a(r_gpt.o)
                0x0000b640                R_GPT_Close
 .text.gpt_counter_overflow_isr
                0x0000b714       0x78 C:\Users\karab\.platformio\packages\framework-arduinorenesas-uno\variants\MINIMA\libs\libfsp.a(r_gpt.o)
                0x0000b714                gpt_counter_overflow_isr
 .text.R_DAC_Open
                0x0000b78c       0x88 C:\Users\karab\.platformio\packages\framework-arduinorenesas-uno\variants\MINIMA\libs\libfsp.a(r_dac.o)
                0x0000b78c                R_DAC_Open
 .text.R_DAC_Write
                0x0000b814        0xc C:\Users\karab\.platformio\packages\framework-arduinorenesas-uno\variants\MINIMA\libs\libfsp.a(r_dac.o)
                0x0000b814                R_DAC_Write
 .text.R_DAC_Start
                0x0000b820       0x30 C:\Users\karab\.platformio\packages\framework-arduinorenesas-uno\variants\MINIMA\libs\libfsp.a(r_dac.o)
                0x0000b820                R_DAC_Start
 .text.R_DAC_Stop
                0x0000b850       0x34 C:\Users\karab\.platformio\packages\framework-arduinorenesas-uno\variants\MINIMA\libs\libfsp.a(r_dac.o)
                0x0000b850                R_DAC_Stop
 .text.R_DAC_Close
                0x0000b884       0x40 C:\Users\karab\.platformio\packages\framework-arduinorenesas-uno\variants\MINIMA\libs\libfsp.a(r_dac.o)
                0x0000b884                R_DAC_Close
 .text.r_can_call_callback
                0x0000b8c4       0x68 C:\Users\karab\.platformio\packages\framework-arduinorenesas-uno\variants\MINIMA\libs\libfsp.a(r_can.o)
 .text.can_error_isr
                0x0000b92c       0xd4 C:\Users\karab\.platformio\packages\framework-arduinorenesas-uno\variants\MINIMA\libs\libfsp.a(r_can.o)
                0x0000b92c                can_error_isr
 .text.can_rx_isr
                0x0000ba00      0x118 C:\Users\karab\.platformio\packages\framework-arduinorenesas-uno\variants\MINIMA\libs\libfsp.a(r_can.o)
                0x0000ba00                can_rx_isr
 .text.can_tx_isr
                0x0000bb18       0xa0 C:\Users\karab\.platformio\packages\framework-arduinorenesas-uno\variants\MINIMA\libs\libfsp.a(r_can.o)
                0x0000bb18                can_tx_isr
 .text.R_AGT_Start
                0x0000bbb8       0x38 C:\Users\karab\.platformio\packages\framework-arduinorenesas-uno\variants\MINIMA\libs\libfsp.a(r_agt.o)
                0x0000bbb8                R_AGT_Start
 .text.R_AGT_Enable
                0x0000bbf0       0x14 C:\Users\karab\.platformio\packages\framework-arduinorenesas-uno\variants\MINIMA\libs\libfsp.a(r_agt.o)
                0x0000bbf0                R_AGT_Enable
 .text.R_AGT_DutyCycleSet
                0x0000bc04        0x4 C:\Users\karab\.platformio\packages\framework-arduinorenesas-uno\variants\MINIMA\libs\libfsp.a(r_agt.o)
                0x0000bc04                R_AGT_DutyCycleSet
 .text.R_AGT_Close
                0x0000bc08       0x84 C:\Users\karab\.platformio\packages\framework-arduinorenesas-uno\variants\MINIMA\libs\libfsp.a(r_agt.o)
                0x0000bc08                R_AGT_Close
 .text.R_AGT_Open
                0x0000bc8c      0x118 C:\Users\karab\.platformio\packages\framework-arduinorenesas-uno\variants\MINIMA\libs\libfsp.a(r_agt.o)
                0x0000bc8c                R_AGT_Open
 .text.R_AGT_InfoGet
                0x0000bda4       0xcc C:\Users\karab\.platformio\packages\framework-arduinorenesas-uno\variants\MINIMA\libs\libfsp.a(r_agt.o)
                0x0000bda4                R_AGT_InfoGet
 .text.agt_int_isr
                0x0000be70       0x88 C:\Users\karab\.platformio\packages\framework-arduinorenesas-uno\variants\MINIMA\libs\libfsp.a(r_agt.o)
                0x0000be70                agt_int_isr
 .text.R_ADC_ScanStart
                0x0000bef8        0xc C:\Users\karab\.platformio\packages\framework-arduinorenesas-uno\variants\MINIMA\libs\libfsp.a(r_adc.o)
                0x0000bef8                R_ADC_ScanStart
 .text.R_ADC_StatusGet
                0x0000bf04       0x10 C:\Users\karab\.platformio\packages\framework-arduinorenesas-uno\variants\MINIMA\libs\libfsp.a(r_adc.o)
                0x0000bf04                R_ADC_StatusGet
 .text.R_ADC_Read
                0x0000bf14       0x10 C:\Users\karab\.platformio\packages\framework-arduinorenesas-uno\variants\MINIMA\libs\libfsp.a(r_adc.o)
                0x0000bf14                R_ADC_Read
 .text.R_ADC_ScanCfg
                0x0000bf24      0x1a0 C:\Users\karab\.platformio\packages\framework-arduinorenesas-uno\variants\MINIMA\libs\libfsp.a(r_adc.o)
                0x0000bf24                R_ADC_ScanCfg
 .text.R_ADC_Open
                0x0000c0c4      0x240 C:\Users\karab\.platformio\packages\framework-arduinorenesas-uno\variants\MINIMA\libs\libfsp.a(r_adc.o)
                0x0000c0c4                R_ADC_Open
 .text.R_ADC_Close
                0x0000c304       0xfc C:\Users\karab\.platformio\packages\framework-arduinorenesas-uno\variants\MINIMA\libs\libfsp.a(r_adc.o)
                0x0000c304                R_ADC_Close
 .text.bsp_prv_software_delay_loop
                0x0000c400        0xc C:\Users\karab\.platformio\packages\framework-arduinorenesas-uno\variants\MINIMA\libs\libfsp.a(bsp_delay.o)
                0x0000c400                bsp_prv_software_delay_loop
 .text.R_BSP_SoftwareDelay
                0x0000c40c       0x5c C:\Users\karab\.platformio\packages\framework-arduinorenesas-uno\variants\MINIMA\libs\libfsp.a(bsp_delay.o)
                0x0000c40c                R_BSP_SoftwareDelay
 .text.bsp_irq_cfg
                0x0000c468       0x2c C:\Users\karab\.platformio\packages\framework-arduinorenesas-uno\variants\MINIMA\libs\libfsp.a(bsp_irq.o)
                0x0000c468                bsp_irq_cfg
 .text.R_BSP_RegisterProtectEnable
                0x0000c494       0x60 C:\Users\karab\.platformio\packages\framework-arduinorenesas-uno\variants\MINIMA\libs\libfsp.a(bsp_register_protection.o)
                0x0000c494                R_BSP_RegisterProtectEnable
 .text.R_BSP_RegisterProtectDisable
                0x0000c4f4       0x54 C:\Users\karab\.platformio\packages\framework-arduinorenesas-uno\variants\MINIMA\libs\libfsp.a(bsp_register_protection.o)
                0x0000c4f4                R_BSP_RegisterProtectDisable
 .text.Default_Handler
                0x0000c548        0x4 C:\Users\karab\.platformio\packages\framework-arduinorenesas-uno\variants\MINIMA\libs\libfsp.a(startup.o)
                0x0000c548                DebugMon_Handler
                0x0000c548                HardFault_Handler
                0x0000c548                SysTick_Handler
                0x0000c548                PendSV_Handler
                0x0000c548                UsageFault_Handler
                0x0000c548                SecureFault_Handler
                0x0000c548                Default_Handler
                0x0000c548                MemManage_Handler
                0x0000c548                SVC_Handler
                0x0000c548                BusFault_Handler
 .text.Reset_Handler
                0x0000c54c        0xc C:\Users\karab\.platformio\packages\framework-arduinorenesas-uno\variants\MINIMA\libs\libfsp.a(startup.o)
                0x0000c54c                Reset_Handler
 .text.R_BSP_WarmStart
                0x0000c558        0x4 C:\Users\karab\.platformio\packages\framework-arduinorenesas-uno\variants\MINIMA\libs\libfsp.a(system.o)
                0x0000c558                R_BSP_WarmStart
 .text.SystemInit
                0x0000c55c      0x15c C:\Users\karab\.platformio\packages\framework-arduinorenesas-uno\variants\MINIMA\libs\libfsp.a(system.o)
                0x0000c55c                SystemInit
 .text.SystemCoreClockUpdate
                0x0000c6b8       0x28 C:\Users\karab\.platformio\packages\framework-arduinorenesas-uno\variants\MINIMA\libs\libfsp.a(bsp_clocks.o)
                0x0000c6b8                SystemCoreClockUpdate
 .text.bsp_clock_init
                0x0000c6e0      0x12c C:\Users\karab\.platformio\packages\framework-arduinorenesas-uno\variants\MINIMA\libs\libfsp.a(bsp_clocks.o)
                0x0000c6e0                bsp_clock_init
 .text.bsp_init_internal
                0x0000c80c        0x4 C:\Users\karab\.platformio\packages\framework-arduinorenesas-uno\variants\MINIMA\libs\libfsp.a(bsp_common.o)
                0x0000c80c                bsp_init_internal
                0x0000c80c                bsp_init
 .text.NMI_Handler
                0x0000c810       0x38 C:\Users\karab\.platformio\packages\framework-arduinorenesas-uno\variants\MINIMA\libs\libfsp.a(bsp_group_irq.o)
                0x0000c810                NMI_Handler
 .text._Znwj    0x0000c848       0x22 c:/users/karab/.platformio/packages/toolchain-gccarmnoneeabi@1.70201.0/bin/../lib/gcc/arm-none-eabi/7.2.1/../../../../arm-none-eabi/lib/thumb/v7e-m/fpv4-sp/hard\libstdc++_nano.a(new_op.o)
                0x0000c848                operator new(unsigned int)
 .text.__cxa_guard_acquire
                0x0000c86a       0x18 c:/users/karab/.platformio/packages/toolchain-gccarmnoneeabi@1.70201.0/bin/../lib/gcc/arm-none-eabi/7.2.1/../../../../arm-none-eabi/lib/thumb/v7e-m/fpv4-sp/hard\libstdc++_nano.a(guard.o)
                0x0000c86a                __cxa_guard_acquire
 .text.__cxa_guard_release
                0x0000c882        0x6 c:/users/karab/.platformio/packages/toolchain-gccarmnoneeabi@1.70201.0/bin/../lib/gcc/arm-none-eabi/7.2.1/../../../../arm-none-eabi/lib/thumb/v7e-m/fpv4-sp/hard\libstdc++_nano.a(guard.o)
                0x0000c882                __cxa_guard_release
 .text._ZSt15get_new_handlerv
                0x0000c888       0x10 c:/users/karab/.platformio/packages/toolchain-gccarmnoneeabi@1.70201.0/bin/../lib/gcc/arm-none-eabi/7.2.1/../../../../arm-none-eabi/lib/thumb/v7e-m/fpv4-sp/hard\libstdc++_nano.a(new_handler.o)
                0x0000c888                std::get_new_handler()
 .text._ZdlPvj  0x0000c898        0x4 c:/users/karab/.platformio/packages/toolchain-gccarmnoneeabi@1.70201.0/bin/../lib/gcc/arm-none-eabi/7.2.1/../../../../arm-none-eabi/lib/thumb/v7e-m/fpv4-sp/hard\libstdc++_nano.a(del_ops.o)
                0x0000c898                operator delete(void*, unsigned int)
 .text._ZdlPv   0x0000c89c        0x4 c:/users/karab/.platformio/packages/toolchain-gccarmnoneeabi@1.70201.0/bin/../lib/gcc/arm-none-eabi/7.2.1/../../../../arm-none-eabi/lib/thumb/v7e-m/fpv4-sp/hard\libstdc++_nano.a(del_op.o)
                0x0000c89c                operator delete(void*)
 .text          0x0000c8a0      0x378 c:/users/karab/.platformio/packages/toolchain-gccarmnoneeabi@1.70201.0/bin/../lib/gcc/arm-none-eabi/7.2.1/thumb/v7e-m/fpv4-sp/hard\libgcc.a(_arm_addsubdf3.o)
                0x0000c8a0                __aeabi_drsub
                0x0000c8a8                __aeabi_dsub
                0x0000c8a8                __subdf3
                0x0000c8ac                __aeabi_dadd
                0x0000c8ac                __adddf3
                0x0000cb24                __floatunsidf
                0x0000cb24                __aeabi_ui2d
                0x0000cb44                __floatsidf
                0x0000cb44                __aeabi_i2d
                0x0000cb68                __aeabi_f2d
                0x0000cb68                __extendsfdf2
                0x0000cbac                __floatundidf
                0x0000cbac                __aeabi_ul2d
                0x0000cbbc                __floatdidf
                0x0000cbbc                __aeabi_l2d
 .text          0x0000cc18      0x424 c:/users/karab/.platformio/packages/toolchain-gccarmnoneeabi@1.70201.0/bin/../lib/gcc/arm-none-eabi/7.2.1/thumb/v7e-m/fpv4-sp/hard\libgcc.a(_arm_muldivdf3.o)
                0x0000cc18                __aeabi_dmul
                0x0000cc18                __muldf3
                0x0000ce6c                __divdf3
                0x0000ce6c                __aeabi_ddiv
 .text          0x0000d03c      0x110 c:/users/karab/.platformio/packages/toolchain-gccarmnoneeabi@1.70201.0/bin/../lib/gcc/arm-none-eabi/7.2.1/thumb/v7e-m/fpv4-sp/hard\libgcc.a(_arm_cmpdf2.o)
                0x0000d03c                __gtdf2
                0x0000d03c                __gedf2
                0x0000d044                __ltdf2
                0x0000d044                __ledf2
                0x0000d04c                __nedf2
                0x0000d04c                __eqdf2
                0x0000d04c                __cmpdf2
                0x0000d0c8                __aeabi_cdrcmple
                0x0000d0d8                __aeabi_cdcmpeq
                0x0000d0d8                __aeabi_cdcmple
                0x0000d0e8                __aeabi_dcmpeq
                0x0000d0fc                __aeabi_dcmplt
                0x0000d110                __aeabi_dcmple
                0x0000d124                __aeabi_dcmpge
                0x0000d138                __aeabi_dcmpgt
 .text          0x0000d14c       0x2c c:/users/karab/.platformio/packages/toolchain-gccarmnoneeabi@1.70201.0/bin/../lib/gcc/arm-none-eabi/7.2.1/thumb/v7e-m/fpv4-sp/hard\libgcc.a(_arm_unorddf2.o)
                0x0000d14c                __unorddf2
                0x0000d14c                __aeabi_dcmpun
 .text          0x0000d178       0x40 c:/users/karab/.platformio/packages/toolchain-gccarmnoneeabi@1.70201.0/bin/../lib/gcc/arm-none-eabi/7.2.1/thumb/v7e-m/fpv4-sp/hard\libgcc.a(_arm_fixunsdfsi.o)
                0x0000d178                __aeabi_d2uiz
                0x0000d178                __fixunsdfsi
 .text          0x0000d1b8       0xa0 c:/users/karab/.platformio/packages/toolchain-gccarmnoneeabi@1.70201.0/bin/../lib/gcc/arm-none-eabi/7.2.1/thumb/v7e-m/fpv4-sp/hard\libgcc.a(_arm_truncdfsf2.o)
                0x0000d1b8                __truncdfsf2
                0x0000d1b8                __aeabi_d2f
 .text.PINCOUNT_fn
                0x0000d258        0x4 .pio\build\uno_r4_minima\libFrameworkArduinoVariant.a(variant.cpp.o)
                0x0000d258                PINCOUNT_fn
 .text._Z23usb_post_initializationv
                0x0000d25c       0x14 .pio\build\uno_r4_minima\libFrameworkArduinoVariant.a(variant.cpp.o)
                0x0000d25c                usb_post_initialization()
 .text.initVariant
                0x0000d270       0x98 .pio\build\uno_r4_minima\libFrameworkArduinoVariant.a(variant.cpp.o)
                0x0000d270                initVariant
 .text.fabsf    0x0000d308       0x10 c:/users/karab/.platformio/packages/toolchain-gccarmnoneeabi@1.70201.0/bin/../lib/gcc/arm-none-eabi/7.2.1/../../../../arm-none-eabi/lib/thumb/v7e-m/fpv4-sp/hard\libm.a(lib_a-sf_fabs.o)
                0x0000d308                fabsf
 .text.logf     0x0000d318      0x128 c:/users/karab/.platformio/packages/toolchain-gccarmnoneeabi@1.70201.0/bin/../lib/gcc/arm-none-eabi/7.2.1/../../../../arm-none-eabi/lib/thumb/v7e-m/fpv4-sp/hard\libm.a(lib_a-sf_log.o)
                0x0000d318                logf
 .text.pow      0x0000d440      0x338 c:/users/karab/.platformio/packages/toolchain-gccarmnoneeabi@1.70201.0/bin/../lib/gcc/arm-none-eabi/7.2.1/../../../../arm-none-eabi/lib/thumb/v7e-m/fpv4-sp/hard\libm.a(lib_a-w_pow.o)
                0x0000d440                pow
 .text.sqrt     0x0000d778       0xb8 c:/users/karab/.platformio/packages/toolchain-gccarmnoneeabi@1.70201.0/bin/../lib/gcc/arm-none-eabi/7.2.1/../../../../arm-none-eabi/lib/thumb/v7e-m/fpv4-sp/hard\libm.a(lib_a-w_sqrt.o)
                0x0000d778                sqrt
 .text.sqrtf    0x0000d830       0xac c:/users/karab/.platformio/packages/toolchain-gccarmnoneeabi@1.70201.0/bin/../lib/gcc/arm-none-eabi/7.2.1/../../../../arm-none-eabi/lib/thumb/v7e-m/fpv4-sp/hard\libm.a(lib_a-wf_sqrt.o)
                0x0000d830                sqrtf
 *fill*         0x0000d8dc        0x4 ff
 .text.__ieee754_pow
                0x0000d8e0      0xab8 c:/users/karab/.platformio/packages/toolchain-gccarmnoneeabi@1.70201.0/bin/../lib/gcc/arm-none-eabi/7.2.1/../../../../arm-none-eabi/lib/thumb/v7e-m/fpv4-sp/hard\libm.a(lib_a-e_pow.o)
                0x0000d8e0                __ieee754_pow
 .text.__ieee754_sqrt
                0x0000e398      0x194 c:/users/karab/.platformio/packages/toolchain-gccarmnoneeabi@1.70201.0/bin/../lib/gcc/arm-none-eabi/7.2.1/../../../../arm-none-eabi/lib/thumb/v7e-m/fpv4-sp/hard\libm.a(lib_a-e_sqrt.o)
                0x0000e398                __ieee754_sqrt
 .text.__ieee754_sqrtf
                0x0000e52c        0x8 c:/users/karab/.platformio/packages/toolchain-gccarmnoneeabi@1.70201.0/bin/../lib/gcc/arm-none-eabi/7.2.1/../../../../arm-none-eabi/lib/thumb/v7e-m/fpv4-sp/hard\libm.a(lib_a-ef_sqrt.o)
                0x0000e52c                __ieee754_sqrtf
 .text.with_errnof
                0x0000e534       0x1c c:/users/karab/.platformio/packages/toolchain-gccarmnoneeabi@1.70201.0/bin/../lib/gcc/arm-none-eabi/7.2.1/../../../../arm-none-eabi/lib/thumb/v7e-m/fpv4-sp/hard\libm.a(lib_a-math_errf.o)
 .text.__math_divzerof
                0x0000e550       0x24 c:/users/karab/.platformio/packages/toolchain-gccarmnoneeabi@1.70201.0/bin/../lib/gcc/arm-none-eabi/7.2.1/../../../../arm-none-eabi/lib/thumb/v7e-m/fpv4-sp/hard\libm.a(lib_a-math_errf.o)
                0x0000e550                __math_divzerof
 .text.__math_invalidf
                0x0000e574       0x20 c:/users/karab/.platformio/packages/toolchain-gccarmnoneeabi@1.70201.0/bin/../lib/gcc/arm-none-eabi/7.2.1/../../../../arm-none-eabi/lib/thumb/v7e-m/fpv4-sp/hard\libm.a(lib_a-math_errf.o)
                0x0000e574                __math_invalidf
 .text.fabs     0x0000e594       0x14 c:/users/karab/.platformio/packages/toolchain-gccarmnoneeabi@1.70201.0/bin/../lib/gcc/arm-none-eabi/7.2.1/../../../../arm-none-eabi/lib/thumb/v7e-m/fpv4-sp/hard\libm.a(lib_a-s_fabs.o)
                0x0000e594                fabs
 .text.finite   0x0000e5a8       0x10 c:/users/karab/.platformio/packages/toolchain-gccarmnoneeabi@1.70201.0/bin/../lib/gcc/arm-none-eabi/7.2.1/../../../../arm-none-eabi/lib/thumb/v7e-m/fpv4-sp/hard\libm.a(lib_a-s_finite.o)
                0x0000e5a8                finite
 .text.matherr  0x0000e5b8        0x4 c:/users/karab/.platformio/packages/toolchain-gccarmnoneeabi@1.70201.0/bin/../lib/gcc/arm-none-eabi/7.2.1/../../../../arm-none-eabi/lib/thumb/v7e-m/fpv4-sp/hard\libm.a(lib_a-s_matherr.o)
                0x0000e5b8                matherr
 *fill*         0x0000e5bc        0x4 ff
 .text.nan      0x0000e5c0       0x10 c:/users/karab/.platformio/packages/toolchain-gccarmnoneeabi@1.70201.0/bin/../lib/gcc/arm-none-eabi/7.2.1/../../../../arm-none-eabi/lib/thumb/v7e-m/fpv4-sp/hard\libm.a(lib_a-s_nan.o)
                0x0000e5c0                nan
 .text.rint     0x0000e5d0      0x110 c:/users/karab/.platformio/packages/toolchain-gccarmnoneeabi@1.70201.0/bin/../lib/gcc/arm-none-eabi/7.2.1/../../../../arm-none-eabi/lib/thumb/v7e-m/fpv4-sp/hard\libm.a(lib_a-s_rint.o)
                0x0000e5d0                rint
 .text.scalbn   0x0000e6e0      0x114 c:/users/karab/.platformio/packages/toolchain-gccarmnoneeabi@1.70201.0/bin/../lib/gcc/arm-none-eabi/7.2.1/../../../../arm-none-eabi/lib/thumb/v7e-m/fpv4-sp/hard\libm.a(lib_a-s_scalbn.o)
                0x0000e6e0                scalbn
 .text.copysign
                0x0000e7f4       0x1c c:/users/karab/.platformio/packages/toolchain-gccarmnoneeabi@1.70201.0/bin/../lib/gcc/arm-none-eabi/7.2.1/../../../../arm-none-eabi/lib/thumb/v7e-m/fpv4-sp/hard\libm.a(lib_a-s_copysign.o)
                0x0000e7f4                copysign
 .text.abort    0x0000e810        0xe c:/users/karab/.platformio/packages/toolchain-gccarmnoneeabi@1.70201.0/bin/../lib/gcc/arm-none-eabi/7.2.1/../../../../arm-none-eabi/lib/thumb/v7e-m/fpv4-sp/hard\libc_nano.a(lib_a-abort.o)
                0x0000e810                abort
 *fill*         0x0000e81e        0x2 ff
 .text.__errno  0x0000e820        0xc c:/users/karab/.platformio/packages/toolchain-gccarmnoneeabi@1.70201.0/bin/../lib/gcc/arm-none-eabi/7.2.1/../../../../arm-none-eabi/lib/thumb/v7e-m/fpv4-sp/hard\libc_nano.a(lib_a-errno.o)
                0x0000e820                __errno
 .text.malloc   0x0000e82c       0x10 c:/users/karab/.platformio/packages/toolchain-gccarmnoneeabi@1.70201.0/bin/../lib/gcc/arm-none-eabi/7.2.1/../../../../arm-none-eabi/lib/thumb/v7e-m/fpv4-sp/hard\libc_nano.a(lib_a-malloc.o)
                0x0000e82c                malloc
 .text.free     0x0000e83c       0x10 c:/users/karab/.platformio/packages/toolchain-gccarmnoneeabi@1.70201.0/bin/../lib/gcc/arm-none-eabi/7.2.1/../../../../arm-none-eabi/lib/thumb/v7e-m/fpv4-sp/hard\libc_nano.a(lib_a-malloc.o)
                0x0000e83c                free
 .text.memcpy   0x0000e84c       0x16 c:/users/karab/.platformio/packages/toolchain-gccarmnoneeabi@1.70201.0/bin/../lib/gcc/arm-none-eabi/7.2.1/../../../../arm-none-eabi/lib/thumb/v7e-m/fpv4-sp/hard\libc_nano.a(lib_a-memcpy-stub.o)
                0x0000e84c                memcpy
 .text.memset   0x0000e862       0x10 c:/users/karab/.platformio/packages/toolchain-gccarmnoneeabi@1.70201.0/bin/../lib/gcc/arm-none-eabi/7.2.1/../../../../arm-none-eabi/lib/thumb/v7e-m/fpv4-sp/hard\libc_nano.a(lib_a-memset.o)
                0x0000e862                memset
 *fill*         0x0000e872        0x2 ff
 .text._free_r  0x0000e874       0x9c c:/users/karab/.platformio/packages/toolchain-gccarmnoneeabi@1.70201.0/bin/../lib/gcc/arm-none-eabi/7.2.1/../../../../arm-none-eabi/lib/thumb/v7e-m/fpv4-sp/hard\libc_nano.a(lib_a-nano-freer.o)
                0x0000e874                _free_r
 .text._malloc_r
                0x0000e910       0xb4 c:/users/karab/.platformio/packages/toolchain-gccarmnoneeabi@1.70201.0/bin/../lib/gcc/arm-none-eabi/7.2.1/../../../../arm-none-eabi/lib/thumb/v7e-m/fpv4-sp/hard\libc_nano.a(lib_a-nano-mallocr.o)
                0x0000e910                _malloc_r
 .text._sbrk_r  0x0000e9c4       0x20 c:/users/karab/.platformio/packages/toolchain-gccarmnoneeabi@1.70201.0/bin/../lib/gcc/arm-none-eabi/7.2.1/../../../../arm-none-eabi/lib/thumb/v7e-m/fpv4-sp/hard\libc_nano.a(lib_a-sbrkr.o)
                0x0000e9c4                _sbrk_r
 .text._raise_r
                0x0000e9e4       0x50 c:/users/karab/.platformio/packages/toolchain-gccarmnoneeabi@1.70201.0/bin/../lib/gcc/arm-none-eabi/7.2.1/../../../../arm-none-eabi/lib/thumb/v7e-m/fpv4-sp/hard\libc_nano.a(lib_a-signal.o)
                0x0000e9e4                _raise_r
 .text.raise    0x0000ea34       0x10 c:/users/karab/.platformio/packages/toolchain-gccarmnoneeabi@1.70201.0/bin/../lib/gcc/arm-none-eabi/7.2.1/../../../../arm-none-eabi/lib/thumb/v7e-m/fpv4-sp/hard\libc_nano.a(lib_a-signal.o)
                0x0000ea34                raise
 .text._kill_r  0x0000ea44       0x24 c:/users/karab/.platformio/packages/toolchain-gccarmnoneeabi@1.70201.0/bin/../lib/gcc/arm-none-eabi/7.2.1/../../../../arm-none-eabi/lib/thumb/v7e-m/fpv4-sp/hard\libc_nano.a(lib_a-signalr.o)
                0x0000ea44                _kill_r
 .text._getpid_r
                0x0000ea68        0x4 c:/users/karab/.platformio/packages/toolchain-gccarmnoneeabi@1.70201.0/bin/../lib/gcc/arm-none-eabi/7.2.1/../../../../arm-none-eabi/lib/thumb/v7e-m/fpv4-sp/hard\libc_nano.a(lib_a-signalr.o)
                0x0000ea68                _getpid_r
 .text          0x0000ea6c       0x10 c:/users/karab/.platformio/packages/toolchain-gccarmnoneeabi@1.70201.0/bin/../lib/gcc/arm-none-eabi/7.2.1/../../../../arm-none-eabi/lib/thumb/v7e-m/fpv4-sp/hard\libc_nano.a(lib_a-strlen.o)
                0x0000ea6c                strlen
 .text.__malloc_lock
                0x0000ea7c        0x2 c:/users/karab/.platformio/packages/toolchain-gccarmnoneeabi@1.70201.0/bin/../lib/gcc/arm-none-eabi/7.2.1/../../../../arm-none-eabi/lib/thumb/v7e-m/fpv4-sp/hard\libc_nano.a(lib_a-mlock.o)
                0x0000ea7c                __malloc_lock
 .text.__malloc_unlock
                0x0000ea7e        0x2 c:/users/karab/.platformio/packages/toolchain-gccarmnoneeabi@1.70201.0/bin/../lib/gcc/arm-none-eabi/7.2.1/../../../../arm-none-eabi/lib/thumb/v7e-m/fpv4-sp/hard\libc_nano.a(lib_a-mlock.o)
                0x0000ea7e                __malloc_unlock
 .text._getpid  0x0000ea80       0x10 c:/users/karab/.platformio/packages/toolchain-gccarmnoneeabi@1.70201.0/bin/../lib/gcc/arm-none-eabi/7.2.1/../../../../arm-none-eabi/lib/thumb/v7e-m/fpv4-sp/hard\libnosys.a(getpid.o)
                0x0000ea80                _getpid
 .text._kill    0x0000ea90       0x10 c:/users/karab/.platformio/packages/toolchain-gccarmnoneeabi@1.70201.0/bin/../lib/gcc/arm-none-eabi/7.2.1/../../../../arm-none-eabi/lib/thumb/v7e-m/fpv4-sp/hard\libnosys.a(kill.o)
                0x0000ea90                _kill
 .text._sbrk    0x0000eaa0       0x1c c:/users/karab/.platformio/packages/toolchain-gccarmnoneeabi@1.70201.0/bin/../lib/gcc/arm-none-eabi/7.2.1/../../../../arm-none-eabi/lib/thumb/v7e-m/fpv4-sp/hard\libnosys.a(sbrk.o)
                0x0000eaa0                _sbrk
 .text._exit    0x0000eabc        0x4 c:/users/karab/.platformio/packages/toolchain-gccarmnoneeabi@1.70201.0/bin/../lib/gcc/arm-none-eabi/7.2.1/../../../../arm-none-eabi/lib/thumb/v7e-m/fpv4-sp/hard\libnosys.a(_exit.o)
                0x0000eabc                _exit
 *(.version)
 .version       0x0000eac0       0x50 C:\Users\karab\.platformio\packages\framework-arduinorenesas-uno\variants\MINIMA\libs\libfsp.a(bsp_common.o)
 *(.init)
 .init          0x0000eb10        0x4 c:/users/karab/.platformio/packages/toolchain-gccarmnoneeabi@1.70201.0/bin/../lib/gcc/arm-none-eabi/7.2.1/thumb/v7e-m/fpv4-sp/hard/crti.o
                0x0000eb10                _init
 .init          0x0000eb14        0x8 c:/users/karab/.platformio/packages/toolchain-gccarmnoneeabi@1.70201.0/bin/../lib/gcc/arm-none-eabi/7.2.1/thumb/v7e-m/fpv4-sp/hard/crtn.o
 *(.fini)
 .fini          0x0000eb1c        0x4 c:/users/karab/.platformio/packages/toolchain-gccarmnoneeabi@1.70201.0/bin/../lib/gcc/arm-none-eabi/7.2.1/thumb/v7e-m/fpv4-sp/hard/crti.o
                0x0000eb1c                _fini
 .fini          0x0000eb20        0x8 c:/users/karab/.platformio/packages/toolchain-gccarmnoneeabi@1.70201.0/bin/../lib/gcc/arm-none-eabi/7.2.1/thumb/v7e-m/fpv4-sp/hard/crtn.o
 *crtbegin.o(.ctors)
 *crtbegin?.o(.ctors)
 *(EXCLUDE_FILE(*crtend.o *crtend?.o) .ctors)
 *(SORT_BY_NAME(.ctors.*))
 *(.ctors)
 *crtbegin.o(.dtors)
 *crtbegin?.o(.dtors)
 *(EXCLUDE_FILE(*crtend.o *crtend?.o) .dtors)
 *(SORT_BY_NAME(.dtors.*))
 *(.dtors)
 *(.rodata*)
 .rodata._Z12printResultsv.str1.1
                0x0000eb28       0x50 .pio\build\uno_r4_minima\src\main.cpp.o
                                 0x52 (size before relaxing)
 .rodata._Z12startNewTestv.str1.1
                0x0000eb78       0x26 .pio\build\uno_r4_minima\src\main.cpp.o
 .rodata._Z15analyzeResponsev.str1.1
                0x0000eb9e       0x4d .pio\build\uno_r4_minima\src\main.cpp.o
 .rodata._Z25calculateSystemParametersv.str1.1
                0x0000ebeb       0xcc .pio\build\uno_r4_minima\src\main.cpp.o
 .rodata.setup.str1.1
                0x0000ecb7       0xa6 .pio\build\uno_r4_minima\src\main.cpp.o
 .rodata.CSWTCH.44
                0x0000ed5d        0x6 .pio\build\uno_r4_minima\libFrameworkArduino.a(analog.cpp.o)
 .rodata.CSWTCH.72
                0x0000ed63        0x5 .pio\build\uno_r4_minima\libFrameworkArduino.a(analog.cpp.o)
 .rodata._ZN7arduino5Print10printFloatEdi.str1.1
                0x0000ed68        0xe .pio\build\uno_r4_minima\libFrameworkArduino.a(Print.cpp.o)
 .rodata._ZN7arduino5Print7printlnEv.str1.1
                0x0000ed76        0x3 .pio\build\uno_r4_minima\libFrameworkArduino.a(Print.cpp.o)
 *fill*         0x0000ed79        0x3 ff
 .rodata._ZTV10_SerialUSB
                0x0000ed7c       0x34 .pio\build\uno_r4_minima\libFrameworkArduino.a(SerialUSB.cpp.o)
                0x0000ed7c                vtable for _SerialUSB
 .rodata        0x0000edb0       0x54 .pio\build\uno_r4_minima\libFrameworkArduino.a(USB.cpp.o)
 .rodata._ZZ24tud_descriptor_string_cbE13usbd_desc_str
                0x0000ee04       0x18 .pio\build\uno_r4_minima\libFrameworkArduino.a(USB.cpp.o)
 .rodata.str1.1
                0x0000ee1c       0x2b .pio\build\uno_r4_minima\libFrameworkArduino.a(USB.cpp.o)
                                 0x2c (size before relaxing)
 .rodata.g_interrupt_event_link_select
                0x0000ee47       0x20 .pio\build\uno_r4_minima\libFrameworkArduino.a(vector_table.c.o)
                0x0000ee47                g_interrupt_event_link_select
 *fill*         0x0000ee67        0x1 ff
 .rodata._usbd_driver
                0x0000ee68       0x48 .pio\build\uno_r4_minima\libFrameworkArduino.a(usbd.c.o)
 .rodata.g_wdtcr_timeout
                0x0000eeb0        0x7 C:\Users\karab\.platformio\packages\framework-arduinorenesas-uno\variants\MINIMA\libs\libfsp.a(r_wdt.o)
 *fill*         0x0000eeb7        0x1 ff
 .rodata.adc_elc_trigger_lut
                0x0000eeb8        0xc C:\Users\karab\.platformio\packages\framework-arduinorenesas-uno\variants\MINIMA\libs\libfsp.a(r_adc.o)
 .rodata.g_prcr_masks
                0x0000eec4        0x8 C:\Users\karab\.platformio\packages\framework-arduinorenesas-uno\variants\MINIMA\libs\libfsp.a(bsp_register_protection.o)
 .rodata._ZL4P000
                0x0000eecc        0x4 .pio\build\uno_r4_minima\libFrameworkArduinoVariant.a(variant.cpp.o)
 .rodata._ZL4P001
                0x0000eed0        0x4 .pio\build\uno_r4_minima\libFrameworkArduinoVariant.a(variant.cpp.o)
 .rodata._ZL4P002
                0x0000eed4        0x4 .pio\build\uno_r4_minima\libFrameworkArduinoVariant.a(variant.cpp.o)
 .rodata._ZL4P012
                0x0000eed8        0x2 .pio\build\uno_r4_minima\libFrameworkArduinoVariant.a(variant.cpp.o)
 .rodata._ZL4P013
                0x0000eeda        0x2 .pio\build\uno_r4_minima\libFrameworkArduinoVariant.a(variant.cpp.o)
 .rodata._ZL4P100
                0x0000eedc        0xe .pio\build\uno_r4_minima\libFrameworkArduinoVariant.a(variant.cpp.o)
 .rodata._ZL4P101
                0x0000eeea        0xe .pio\build\uno_r4_minima\libFrameworkArduinoVariant.a(variant.cpp.o)
 .rodata._ZL4P102
                0x0000eef8        0xc .pio\build\uno_r4_minima\libFrameworkArduinoVariant.a(variant.cpp.o)
 .rodata._ZL4P103
                0x0000ef04        0x8 .pio\build\uno_r4_minima\libFrameworkArduinoVariant.a(variant.cpp.o)
 .rodata._ZL4P104
                0x0000ef0c        0x6 .pio\build\uno_r4_minima\libFrameworkArduinoVariant.a(variant.cpp.o)
 .rodata._ZL4P105
                0x0000ef12        0x4 .pio\build\uno_r4_minima\libFrameworkArduinoVariant.a(variant.cpp.o)
 .rodata._ZL4P106
                0x0000ef16        0x2 .pio\build\uno_r4_minima\libFrameworkArduinoVariant.a(variant.cpp.o)
 .rodata._ZL4P107
                0x0000ef18        0x2 .pio\build\uno_r4_minima\libFrameworkArduinoVariant.a(variant.cpp.o)
 .rodata._ZL4P108
                0x0000ef1a        0x4 .pio\build\uno_r4_minima\libFrameworkArduinoVariant.a(variant.cpp.o)
 .rodata._ZL4P109
                0x0000ef1e        0xa .pio\build\uno_r4_minima\libFrameworkArduinoVariant.a(variant.cpp.o)
 .rodata._ZL4P110
                0x0000ef28        0xc .pio\build\uno_r4_minima\libFrameworkArduinoVariant.a(variant.cpp.o)
 .rodata._ZL4P111
                0x0000ef34        0xa .pio\build\uno_r4_minima\libFrameworkArduinoVariant.a(variant.cpp.o)
 .rodata._ZL4P112
                0x0000ef3e        0x6 .pio\build\uno_r4_minima\libFrameworkArduinoVariant.a(variant.cpp.o)
 .rodata._ZL4P300
                0x0000ef44        0x2 .pio\build\uno_r4_minima\libFrameworkArduinoVariant.a(variant.cpp.o)
 .rodata._ZL4P301
                0x0000ef46        0x8 .pio\build\uno_r4_minima\libFrameworkArduinoVariant.a(variant.cpp.o)
 .rodata._ZL4P302
                0x0000ef4e        0x6 .pio\build\uno_r4_minima\libFrameworkArduinoVariant.a(variant.cpp.o)
 .rodata._ZL4P303
                0x0000ef54        0x2 .pio\build\uno_r4_minima\libFrameworkArduinoVariant.a(variant.cpp.o)
 .rodata._ZL4P304
                0x0000ef56        0x4 .pio\build\uno_r4_minima\libFrameworkArduinoVariant.a(variant.cpp.o)
 .rodata._ZL4P500
                0x0000ef5a        0x4 .pio\build\uno_r4_minima\libFrameworkArduinoVariant.a(variant.cpp.o)
 .rodata._ZL4P501
                0x0000ef5e        0x8 .pio\build\uno_r4_minima\libFrameworkArduinoVariant.a(variant.cpp.o)
 .rodata._ZL4P502
                0x0000ef66        0x8 .pio\build\uno_r4_minima\libFrameworkArduinoVariant.a(variant.cpp.o)
 .rodata._ZL6P014_b
                0x0000ef6e        0x4 .pio\build\uno_r4_minima\libFrameworkArduinoVariant.a(variant.cpp.o)
 *fill*         0x0000ef72        0x2 ff
 .rodata.g_pin_cfg